Archive member included to satisfy reference by file (symbol)

D:/STM32CubeIDE_2.1.0/STM32CubeIDE/plugins/com.st.stm32cube.ide.mcu.externaltools.gnu-tools-for-stm32.14.3.rel1.win32_1.0.100.202602081740/tools/bin/../lib/gcc/arm-none-eabi/14.3.1/../../../../arm-none-eabi/lib/thumb/v7e-m+dp/hard\libc_nano.a(libc_a-exit.o)
                              D:/STM32CubeIDE_2.1.0/STM32CubeIDE/plugins/com.st.stm32cube.ide.mcu.externaltools.gnu-tools-for-stm32.14.3.rel1.win32_1.0.100.202602081740/tools/bin/../lib/gcc/arm-none-eabi/14.3.1/../../../../arm-none-eabi/lib/thumb/v7e-m+dp/hard/crt0.o (exit)
D:/STM32CubeIDE_2.1.0/STM32CubeIDE/plugins/com.st.stm32cube.ide.mcu.externaltools.gnu-tools-for-stm32.14.3.rel1.win32_1.0.100.202602081740/tools/bin/../lib/gcc/arm-none-eabi/14.3.1/../../../../arm-none-eabi/lib/thumb/v7e-m+dp/hard\libc_nano.a(libc_a-findfp.o)
                              D:/STM32CubeIDE_2.1.0/STM32CubeIDE/plugins/com.st.stm32cube.ide.mcu.externaltools.gnu-tools-for-stm32.14.3.rel1.win32_1.0.100.202602081740/tools/bin/../lib/gcc/arm-none-eabi/14.3.1/../../../../arm-none-eabi/lib/thumb/v7e-m+dp/hard\libc_nano.a(libc_a-exit.o) (__stdio_exit_handler)
D:/STM32CubeIDE_2.1.0/STM32CubeIDE/plugins/com.st.stm32cube.ide.mcu.externaltools.gnu-tools-for-stm32.14.3.rel1.win32_1.0.100.202602081740/tools/bin/../lib/gcc/arm-none-eabi/14.3.1/../../../../arm-none-eabi/lib/thumb/v7e-m+dp/hard\libc_nano.a(libc_a-fwalk.o)
                              D:/STM32CubeIDE_2.1.0/STM32CubeIDE/plugins/com.st.stm32cube.ide.mcu.externaltools.gnu-tools-for-stm32.14.3.rel1.win32_1.0.100.202602081740/tools/bin/../lib/gcc/arm-none-eabi/14.3.1/../../../../arm-none-eabi/lib/thumb/v7e-m+dp/hard\libc_nano.a(libc_a-findfp.o) (_fwalk_sglue)
D:/STM32CubeIDE_2.1.0/STM32CubeIDE/plugins/com.st.stm32cube.ide.mcu.externaltools.gnu-tools-for-stm32.14.3.rel1.win32_1.0.100.202602081740/tools/bin/../lib/gcc/arm-none-eabi/14.3.1/../../../../arm-none-eabi/lib/thumb/v7e-m+dp/hard\libc_nano.a(libc_a-printf.o)
                              ./Src/main.o (printf)
D:/STM32CubeIDE_2.1.0/STM32CubeIDE/plugins/com.st.stm32cube.ide.mcu.externaltools.gnu-tools-for-stm32.14.3.rel1.win32_1.0.100.202602081740/tools/bin/../lib/gcc/arm-none-eabi/14.3.1/../../../../arm-none-eabi/lib/thumb/v7e-m+dp/hard\libc_nano.a(libc_a-puts.o)
                              ./Src/main.o (puts)
D:/STM32CubeIDE_2.1.0/STM32CubeIDE/plugins/com.st.stm32cube.ide.mcu.externaltools.gnu-tools-for-stm32.14.3.rel1.win32_1.0.100.202602081740/tools/bin/../lib/gcc/arm-none-eabi/14.3.1/../../../../arm-none-eabi/lib/thumb/v7e-m+dp/hard\libc_nano.a(libc_a-sprintf.o)
                              ./Drivers/BSP/ST7735/lcd.o (sprintf)
D:/STM32CubeIDE_2.1.0/STM32CubeIDE/plugins/com.st.stm32cube.ide.mcu.externaltools.gnu-tools-for-stm32.14.3.rel1.win32_1.0.100.202602081740/tools/bin/../lib/gcc/arm-none-eabi/14.3.1/../../../../arm-none-eabi/lib/thumb/v7e-m+dp/hard\libc_nano.a(libc_a-stdio.o)
                              D:/STM32CubeIDE_2.1.0/STM32CubeIDE/plugins/com.st.stm32cube.ide.mcu.externaltools.gnu-tools-for-stm32.14.3.rel1.win32_1.0.100.202602081740/tools/bin/../lib/gcc/arm-none-eabi/14.3.1/../../../../arm-none-eabi/lib/thumb/v7e-m+dp/hard\libc_nano.a(libc_a-findfp.o) (__sread)
D:/STM32CubeIDE_2.1.0/STM32CubeIDE/plugins/com.st.stm32cube.ide.mcu.externaltools.gnu-tools-for-stm32.14.3.rel1.win32_1.0.100.202602081740/tools/bin/../lib/gcc/arm-none-eabi/14.3.1/../../../../arm-none-eabi/lib/thumb/v7e-m+dp/hard\libc_nano.a(libc_a-wbuf.o)
                              D:/STM32CubeIDE_2.1.0/STM32CubeIDE/plugins/com.st.stm32cube.ide.mcu.externaltools.gnu-tools-for-stm32.14.3.rel1.win32_1.0.100.202602081740/tools/bin/../lib/gcc/arm-none-eabi/14.3.1/../../../../arm-none-eabi/lib/thumb/v7e-m+dp/hard\libc_nano.a(libc_a-puts.o) (__swbuf_r)
D:/STM32CubeIDE_2.1.0/STM32CubeIDE/plugins/com.st.stm32cube.ide.mcu.externaltools.gnu-tools-for-stm32.14.3.rel1.win32_1.0.100.202602081740/tools/bin/../lib/gcc/arm-none-eabi/14.3.1/../../../../arm-none-eabi/lib/thumb/v7e-m+dp/hard\libc_nano.a(libc_a-wsetup.o)
                              D:/STM32CubeIDE_2.1.0/STM32CubeIDE/plugins/com.st.stm32cube.ide.mcu.externaltools.gnu-tools-for-stm32.14.3.rel1.win32_1.0.100.202602081740/tools/bin/../lib/gcc/arm-none-eabi/14.3.1/../../../../arm-none-eabi/lib/thumb/v7e-m+dp/hard\libc_nano.a(libc_a-puts.o) (__swsetup_r)
D:/STM32CubeIDE_2.1.0/STM32CubeIDE/plugins/com.st.stm32cube.ide.mcu.externaltools.gnu-tools-for-stm32.14.3.rel1.win32_1.0.100.202602081740/tools/bin/../lib/gcc/arm-none-eabi/14.3.1/../../../../arm-none-eabi/lib/thumb/v7e-m+dp/hard\libc_nano.a(libc_a-memset.o)
                              D:/STM32CubeIDE_2.1.0/STM32CubeIDE/plugins/com.st.stm32cube.ide.mcu.externaltools.gnu-tools-for-stm32.14.3.rel1.win32_1.0.100.202602081740/tools/bin/../lib/gcc/arm-none-eabi/14.3.1/../../../../arm-none-eabi/lib/thumb/v7e-m+dp/hard/crt0.o (memset)
[...]
Memory Configuration

Name             Origin             Length             Attributes
FLASH            0x08000000         0x00200000         xr
DTCMRAM          0x20000000         0x00020000         xrw
RAM_D1           0x24000000         0x00080000         xrw
RAM_D2           0x30000000         0x00048000         xrw
RAM_D3           0x38000000         0x00010000         xrw
ITCMRAM          0x00000000         0x00010000         xrw
*default*        0x00000000         0xffffffff

Linker script and memory map

LOAD D:/STM32CubeIDE_2.1.0/STM32CubeIDE/plugins/com.st.stm32cube.ide.mcu.externaltools.gnu-tools-for-stm32.14.3.rel1.win32_1.0.100.202602081740/tools/bin/../lib/gcc/arm-none-eabi/14.3.1/thumb/v7e-m+dp/hard/crti.o
LOAD D:/STM32CubeIDE_2.1.0/STM32CubeIDE/plugins/com.st.stm32cube.ide.mcu.externaltools.gnu-tools-for-stm32.14.3.rel1.win32_1.0.100.202602081740/tools/bin/../lib/gcc/arm-none-eabi/14.3.1/thumb/v7e-m+dp/hard/crtbegin.o
LOAD D:/STM32CubeIDE_2.1.0/STM32CubeIDE/plugins/com.st.stm32cube.ide.mcu.externaltools.gnu-tools-for-stm32.14.3.rel1.win32_1.0.100.202602081740/tools/bin/../lib/gcc/arm-none-eabi/14.3.1/../../../../arm-none-eabi/lib/thumb/v7e-m+dp/hard/crt0.o
LOAD ./Drivers/BSP/Camera/camera.o
LOAD ./Drivers/BSP/Camera/ov2640.o
LOAD ./Drivers/BSP/Camera/ov2640_regs.o
LOAD ./Drivers/BSP/Camera/ov5640.o
LOAD ./Drivers/BSP/Camera/ov5640_regs.o
LOAD ./Drivers/BSP/Camera/ov7670.o
LOAD ./Drivers/BSP/Camera/ov7670_regs.o
LOAD ./Drivers/BSP/Camera/ov7725.o
LOAD ./Drivers/BSP/Camera/ov7725_regs.o
LOAD ./Drivers/BSP/ST7735/lcd.o
LOAD ./Drivers/BSP/ST7735/logo.o
LOAD ./Drivers/BSP/ST7735/logo_128_160.o
LOAD ./Drivers/BSP/ST7735/logo_160_80.o
LOAD ./Drivers/BSP/ST7735/st7735.o
LOAD ./Drivers/BSP/ST7735/st7735_reg.o
LOAD ./Drivers/STM32H7xx_HAL_Driver/Src/stm32h7xx_hal.o
LOAD ./Drivers/STM32H7xx_HAL_Driver/Src/stm32h7xx_hal_cortex.o
LOAD ./Drivers/STM32H7xx_HAL_Driver/Src/stm32h7xx_hal_dcmi.o
LOAD ./Drivers/STM32H7xx_HAL_Driver/Src/stm32h7xx_hal_dma.o
LOAD ./Drivers/STM32H7xx_HAL_Driver/Src/stm32h7xx_hal_dma_ex.o
LOAD ./Drivers/STM32H7xx_HAL_Driver/Src/stm32h7xx_hal_exti.o
LOAD ./Drivers/STM32H7xx_HAL_Driver/Src/stm32h7xx_hal_flash.o
LOAD ./Drivers/STM32H7xx_HAL_Driver/Src/stm32h7xx_hal_flash_ex.o
LOAD ./Drivers/STM32H7xx_HAL_Driver/Src/stm32h7xx_hal_gpio.o
LOAD ./Drivers/STM32H7xx_HAL_Driver/Src/stm32h7xx_hal_hsem.o
LOAD ./Drivers/STM32H7xx_HAL_Driver/Src/stm32h7xx_hal_i2c.o
LOAD ./Drivers/STM32H7xx_HAL_Driver/Src/stm32h7xx_hal_i2c_ex.o
LOAD ./Drivers/STM32H7xx_HAL_Driver/Src/stm32h7xx_hal_mdma.o
LOAD ./Drivers/STM32H7xx_HAL_Driver/Src/stm32h7xx_hal_mmc.o
LOAD ./Drivers/STM32H7xx_HAL_Driver/Src/stm32h7xx_hal_mmc_ex.o
LOAD ./Drivers/STM32H7xx_HAL_Driver/Src/stm32h7xx_hal_pwr.o
LOAD ./Drivers/STM32H7xx_HAL_Driver/Src/stm32h7xx_hal_pwr_ex.o
LOAD ./Drivers/STM32H7xx_HAL_Driver/Src/stm32h7xx_hal_rcc.o
LOAD ./Drivers/STM32H7xx_HAL_Driver/Src/stm32h7xx_hal_rcc_ex.o
LOAD ./Drivers/STM32H7xx_HAL_Driver/Src/stm32h7xx_hal_sd.o
LOAD ./Drivers/STM32H7xx_HAL_Driver/Src/stm32h7xx_hal_sd_ex.o
LOAD ./Drivers/STM32H7xx_HAL_Driver/Src/stm32h7xx_hal_spi.o
LOAD ./Drivers/STM32H7xx_HAL_Driver/Src/stm32h7xx_hal_spi_ex.o
LOAD ./Drivers/STM32H7xx_HAL_Driver/Src/stm32h7xx_hal_tim.o
LOAD ./Drivers/STM32H7xx_HAL_Driver/Src/stm32h7xx_hal_tim_ex.o
LOAD ./Drivers/STM32H7xx_HAL_Driver/Src/stm32h7xx_ll_delayblock.o
LOAD ./Drivers/STM32H7xx_HAL_Driver/Src/stm32h7xx_ll_sdmmc.o
LOAD ./Middlewares/Third_Party/FatFs/src/diskio.o
LOAD ./Middlewares/Third_Party/FatFs/src/ff.o
LOAD ./Middlewares/Third_Party/FatFs/src/ff_gen_drv.o
LOAD ./Middlewares/Third_Party/FatFs/src/option/syscall.o
LOAD ./Src/bsp_driver_sd.o
LOAD ./Src/dcmi.o
LOAD ./Src/debug.o
LOAD ./Src/dma.o
LOAD ./Src/fatfs.o
LOAD ./Src/gpio.o
LOAD ./Src/i2c.o
LOAD ./Src/main.o
LOAD ./Src/sd_diskio.o
LOAD ./Src/sdmmc.o
LOAD ./Src/spi.o
LOAD ./Src/stm32h7xx_hal_msp.o
LOAD ./Src/stm32h7xx_it.o
LOAD ./Src/syscalls.o
LOAD ./Src/sysmem.o
LOAD ./Src/system_stm32h7xx.o
LOAD ./Src/tim.o
LOAD ./Startup/startup_stm32h743vitx.o
START GROUP
LOAD D:/STM32CubeIDE_2.1.0/STM32CubeIDE/plugins/com.st.stm32cube.ide.mcu.externaltools.gnu-tools-for-stm32.14.3.rel1.win32_1.0.100.202602081740/tools/bin/../lib/gcc/arm-none-eabi/14.3.1/../../../../arm-none-eabi/lib/thumb/v7e-m+dp/hard\libc_nano.a
LOAD D:/STM32CubeIDE_2.1.0/STM32CubeIDE/plugins/com.st.stm32cube.ide.mcu.externaltools.gnu-tools-for-stm32.14.3.rel1.win32_1.0.100.202602081740/tools/bin/../lib/gcc/arm-none-eabi/14.3.1/../../../../arm-none-eabi/lib/thumb/v7e-m+dp/hard\libm.a
END GROUP
START GROUP
LOAD D:/STM32CubeIDE_2.1.0/STM32CubeIDE/plugins/com.st.stm32cube.ide.mcu.externaltools.gnu-tools-for-stm32.14.3.rel1.win32_1.0.100.202602081740/tools/bin/../lib/gcc/arm-none-eabi/14.3.1/thumb/v7e-m+dp/hard\libgcc.a
LOAD D:/STM32CubeIDE_2.1.0/STM32CubeIDE/plugins/com.st.stm32cube.ide.mcu.externaltools.gnu-tools-for-stm32.14.3.rel1.win32_1.0.100.202602081740/tools/bin/../lib/gcc/arm-none-eabi/14.3.1/../../../../arm-none-eabi/lib/thumb/v7e-m+dp/hard\libc_nano.a
END GROUP
START GROUP
LOAD D:/STM32CubeIDE_2.1.0/STM32CubeIDE/plugins/com.st.stm32cube.ide.mcu.externaltools.gnu-tools-for-stm32.14.3.rel1.win32_1.0.100.202602081740/tools/bin/../lib/gcc/arm-none-eabi/14.3.1/thumb/v7e-m+dp/hard\libgcc.a
LOAD D:/STM32CubeIDE_2.1.0/STM32CubeIDE/plugins/com.st.stm32cube.ide.mcu.externaltools.gnu-tools-for-stm32.14.3.rel1.win32_1.0.100.202602081740/tools/bin/../lib/gcc/arm-none-eabi/14.3.1/../../../../arm-none-eabi/lib/thumb/v7e-m+dp/hard\libc_nano.a
LOAD D:/STM32CubeIDE_2.1.0/STM32CubeIDE/plugins/com.st.stm32cube.ide.mcu.externaltools.gnu-tools-for-stm32.14.3.rel1.win32_1.0.100.202602081740/tools/bin/../lib/gcc/arm-none-eabi/14.3.1/../../../../arm-none-eabi/lib/thumb/v7e-m+dp/hard\libnosys.a
END GROUP
START GROUP
LOAD D:/STM32CubeIDE_2.1.0/STM32CubeIDE/plugins/com.st.stm32cube.ide.mcu.externaltools.gnu-tools-for-stm32.14.3.rel1.win32_1.0.100.202602081740/tools/bin/../lib/gcc/arm-none-eabi/14.3.1/thumb/v7e-m+dp/hard\libgcc.a
LOAD D:/STM32CubeIDE_2.1.0/STM32CubeIDE/plugins/com.st.stm32cube.ide.mcu.externaltools.gnu-tools-for-stm32.14.3.rel1.win32_1.0.100.202602081740/tools/bin/../lib/gcc/arm-none-eabi/14.3.1/../../../../arm-none-eabi/lib/thumb/v7e-m+dp/hard\libc_nano.a
LOAD D:/STM32CubeIDE_2.1.0/STM32CubeIDE/plugins/com.st.stm32cube.ide.mcu.externaltools.gnu-tools-for-stm32.14.3.rel1.win32_1.0.100.202602081740/tools/bin/../lib/gcc/arm-none-eabi/14.3.1/../../../../arm-none-eabi/lib/thumb/v7e-m+dp/hard\libnosys.a
END GROUP
LOAD D:/STM32CubeIDE_2.1.0/STM32CubeIDE/plugins/com.st.stm32cube.ide.mcu.externaltools.gnu-tools-for-stm32.14.3.rel1.win32_1.0.100.202602081740/tools/bin/../lib/gcc/arm-none-eabi/14.3.1/thumb/v7e-m+dp/hard/crtend.o
LOAD D:/STM32CubeIDE_2.1.0/STM32CubeIDE/plugins/com.st.stm32cube.ide.mcu.externaltools.gnu-tools-for-stm32.14.3.rel1.win32_1.0.100.202602081740/tools/bin/../lib/gcc/arm-none-eabi/14.3.1/thumb/v7e-m+dp/hard/crtn.o
                0x24080000                        _estack = (ORIGIN (RAM_D1) + LENGTH (RAM_D1))
                0x00000200                        _Min_Heap_Size = 0x200
                0x00000400                        _Min_Stack_Size = 0x400

.isr_vector     0x08000000      0x298
                0x08000000                        . = ALIGN (0x4)
 *(.isr_vector)
 .isr_vector    0x08000000      0x298 ./Startup/startup_stm32h743vitx.o
                0x08000000                g_pfnVectors
                0x08000298                        . = ALIGN (0x4)

.text           0x080002a0    0x15a94
                0x080002a0                        . = ALIGN (0x4)
 *(.text)
 .text          0x080002a0       0x40 D:/STM32CubeIDE_2.1.0/STM32CubeIDE/plugins/com.st.stm32cube.ide.mcu.externaltools.gnu-tools-for-stm32.14.3.rel1.win32_1.0.100.202602081740/tools/bin/../lib/gcc/arm-none-eabi/14.3.1/thumb/v7e-m+dp/hard/crtbegin.o
 .text          0x080002e0       0x10 D:/STM32CubeIDE_2.1.0/STM32CubeIDE/plugins/com.st.stm32cube.ide.mcu.externaltools.gnu-tools-for-stm32.14.3.rel1.win32_1.0.100.202602081740/tools/bin/../lib/gcc/arm-none-eabi/14.3.1/../../../../arm-none-eabi/lib/thumb/v7e-m+dp/hard\libc_nano.a(libc_a-strlen.o)
                0x080002e0                strlen
 .text          0x080002f0       0xa0 D:/STM32CubeIDE_2.1.0/STM32CubeIDE/plugins/com.st.stm32cube.ide.mcu.externaltools.gnu-tools-for-stm32.14.3.rel1.win32_1.0.100.202602081740/tools/bin/../lib/gcc/arm-none-eabi/14.3.1/../../../../arm-none-eabi/lib/thumb/v7e-m+dp/hard\libc_nano.a(libc_a-memchr.o)
                0x080002f0                memchr
 *(.text*)
 .text.Camera_WriteReg
                0x08000390       0x46 ./Drivers/BSP/Camera/camera.o
                0x08000390                Camera_WriteReg
 .text.Camera_ReadReg
                0x080003d6       0x58 ./Drivers/BSP/Camera/camera.o
                0x080003d6                Camera_ReadReg
 .text.Camera_WriteRegb2
                0x0800042e       0x46 ./Drivers/BSP/Camera/camera.o
                0x0800042e                Camera_WriteRegb2
 .text.Camera_ReadRegb2
                0x08000474       0x44 ./Drivers/BSP/Camera/camera.o
                0x08000474                Camera_ReadRegb2
 .text.Camera_read_id
                0x080004b8       0xc4 ./Drivers/BSP/Camera/camera.o
                0x080004b8                Camera_read_id
 .text.Camera_Init_Device
                0x0800057c       0xdc ./Drivers/BSP/Camera/camera.o
                0x0800057c                Camera_Init_Device
 .text.OV2640_WR_Reg
                0x08000658       0x2c ./Drivers/BSP/Camera/ov2640.o
 .text.OV2640_RD_Reg
                0x08000684       0x28 ./Drivers/BSP/Camera/ov2640.o
 .text.wrSensorRegs
                0x080006ac       0x4c ./Drivers/BSP/Camera/ov2640.o
 .text.reset    0x080006f8       0x38 ./Drivers/BSP/Camera/ov2640.o
 .text._set_framesize
                0x08000730      0x118 ./Drivers/BSP/Camera/ov2640.o
 .text.set_pixformat
                0x08000848       0x80 ./Drivers/BSP/Camera/ov2640.o
 .text.set_hmirror
                0x080008c8       0x46 ./Drivers/BSP/Camera/ov2640.o
 .text.set_vflip
                0x0800090e       0x46 ./Drivers/BSP/Camera/ov2640.o
 .text.ov2640_init
                0x08000954       0x40 ./Drivers/BSP/Camera/ov2640.o
                0x08000954                ov2640_init
 .text.ov5640_WR_Reg
                0x08000994       0x2c ./Drivers/BSP/Camera/ov5640.o
 .text.ov5640_RD_Reg
                0x080009c0       0x28 ./Drivers/BSP/Camera/ov5640.o
 .text.ov5640_reset
                0x080009e8       0xb0 ./Drivers/BSP/Camera/ov5640.o
 .text.calculate_hts
                0x08000a98       0x98 ./Drivers/BSP/Camera/ov5640.o
 .text.calculate_vts
                0x08000b30       0x2a ./Drivers/BSP/Camera/ov5640.o
 *fill*         0x08000b5a        0x2 
 .text.ov5640_set_pixformat
                0x08000b5c      0x2b8 ./Drivers/BSP/Camera/ov5640.o
 .text.ov5640_set_framesize
                0x08000e14      0x7d4 ./Drivers/BSP/Camera/ov5640.o
 .text.ov5640_set_hmirror
                0x080015e8       0x64 ./Drivers/BSP/Camera/ov5640.o
 .text.ov5640_set_vflip
                0x0800164c       0x64 ./Drivers/BSP/Camera/ov5640.o
 .text.ov5640_init
                0x080016b0       0x48 ./Drivers/BSP/Camera/ov5640.o
                0x080016b0                ov5640_init
 .text.OV7670_WriteReg
                0x080016f8       0x48 ./Drivers/BSP/Camera/ov7670.o
                0x080016f8                OV7670_WriteReg
 .text.OV7670_ReadReg
                0x08001740       0x58 ./Drivers/BSP/Camera/ov7670.o
                0x08001740                OV7670_ReadReg
 .text.OV7670_Reset
                0x08001798       0x34 ./Drivers/BSP/Camera/ov7670.o
                0x08001798                OV7670_Reset
 .text.OV7670_WriteRegList
                0x080017cc       0x4a ./Drivers/BSP/Camera/ov7670.o
                0x080017cc                OV7670_WriteRegList
 *fill*         0x08001816        0x2 
 .text.OV7670_Config
                0x08001818      0x114 ./Drivers/BSP/Camera/ov7670.o
                0x08001818                OV7670_Config
 .text.ov7725_WR_Reg
                0x0800192c       0x2c ./Drivers/BSP/Camera/ov7725.o
 .text.ov7725_RD_Reg
                0x08001958       0x28 ./Drivers/BSP/Camera/ov7725.o
 .text.ov7725_reset
                0x08001980       0x6c ./Drivers/BSP/Camera/ov7725.o
 .text.ov7725_set_pixformat
                0x080019ec       0xc2 ./Drivers/BSP/Camera/ov7725.o
 *fill*         0x08001aae        0x2 
 .text.ov7725_set_framesize
                0x08001ab0      0x27c ./Drivers/BSP/Camera/ov7725.o
 .text.ov7725_set_hmirror
                0x08001d2c       0x52 ./Drivers/BSP/Camera/ov7725.o
 *fill*         0x08001d7e        0x2 
 .text.ov7725_set_vflip
                0x08001d80       0x64 ./Drivers/BSP/Camera/ov7725.o
 .text.ov7725_init
                0x08001de4       0x48 ./Drivers/BSP/Camera/ov7725.o
                0x08001de4                ov7725_init
 .text.LCD_Test
                0x08001e2c      0x234 ./Drivers/BSP/ST7735/lcd.o
                0x08001e2c                LCD_Test
 .text.LCD_SetBrightness
                0x08002060       0x38 ./Drivers/BSP/ST7735/lcd.o
                0x08002060                LCD_SetBrightness
 .text.LCD_GetBrightness
                0x08002098       0x30 ./Drivers/BSP/ST7735/lcd.o
                0x08002098                LCD_GetBrightness
 .text.LCD_SoftPWMCtrlRun
                0x080020c8       0x58 ./Drivers/BSP/ST7735/lcd.o
                0x080020c8                LCD_SoftPWMCtrlRun
 .text.HAL_TIM_PeriodElapsedCallback
                0x08002120       0x24 ./Drivers/BSP/ST7735/lcd.o
                0x08002120                HAL_TIM_PeriodElapsedCallback
 .text.LCD_Light
                0x08002144       0xea ./Drivers/BSP/ST7735/lcd.o
                0x08002144                LCD_Light
 *fill*         0x0800222e        0x2 
 .text.LCD_ShowChar
                0x08002230      0x42c ./Drivers/BSP/ST7735/lcd.o
                0x08002230                LCD_ShowChar
 .text.LCD_ShowString
                0x0800265c       0x9a ./Drivers/BSP/ST7735/lcd.o
                0x0800265c                LCD_ShowString
 *fill*         0x080026f6        0x2 
 .text.lcd_init
                0x080026f8       0x20 ./Drivers/BSP/ST7735/lcd.o
 .text.lcd_gettick
                0x08002718        0xe ./Drivers/BSP/ST7735/lcd.o
 *fill*         0x08002726        0x2 
 .text.lcd_writereg
                0x08002728       0x94 ./Drivers/BSP/ST7735/lcd.o
 .text.lcd_readreg
                0x080027bc       0x88 ./Drivers/BSP/ST7735/lcd.o
 .text.lcd_senddata
                0x08002844       0x58 ./Drivers/BSP/ST7735/lcd.o
 .text.lcd_recvdata
                0x0800289c       0x58 ./Drivers/BSP/ST7735/lcd.o
 .text.ST7735_RegisterBusIO
                0x080028f4       0xa8 ./Drivers/BSP/ST7735/st7735.o
                0x080028f4                ST7735_RegisterBusIO
 .text.ST7735_Init
                0x0800299c      0x77e ./Drivers/BSP/ST7735/st7735.o
                0x0800299c                ST7735_Init
 .text.ST7735_DeInit
                0x0800311a       0x16 ./Drivers/BSP/ST7735/st7735.o
                0x0800311a                ST7735_DeInit
 .text.ST7735_ReadID
                0x08003130       0x8e ./Drivers/BSP/ST7735/st7735.o
                0x08003130                ST7735_ReadID
 *fill*         0x080031be        0x2 
 .text.ST7735_DisplayOn
                0x080031c0       0xc8 ./Drivers/BSP/ST7735/st7735.o
                0x080031c0                ST7735_DisplayOn
 .text.ST7735_DisplayOff
                0x08003288       0xc8 ./Drivers/BSP/ST7735/st7735.o
                0x08003288                ST7735_DisplayOff
 .text.ST7735_SetBrightness
                0x08003350       0x1a ./Drivers/BSP/ST7735/st7735.o
                0x08003350                ST7735_SetBrightness
 .text.ST7735_GetBrightness
                0x0800336a       0x1a ./Drivers/BSP/ST7735/st7735.o
                0x0800336a                ST7735_GetBrightness
 .text.ST7735_SetOrientation
                0x08003384      0x11c ./Drivers/BSP/ST7735/st7735.o
                0x08003384                ST7735_SetOrientation
 .text.ST7735_GetOrientation
                0x080034a0       0x24 ./Drivers/BSP/ST7735/st7735.o
                0x080034a0                ST7735_GetOrientation
 .text.ST7735_SetCursor
                0x080034c4      0x178 ./Drivers/BSP/ST7735/st7735.o
                0x080034c4                ST7735_SetCursor
 .text.ST7735_DrawBitmap
                0x0800363c      0x214 ./Drivers/BSP/ST7735/st7735.o
                0x0800363c                ST7735_DrawBitmap
 .text.ST7735_FillRGBRect
                0x08003850       0xd0 ./Drivers/BSP/ST7735/st7735.o
                0x08003850                ST7735_FillRGBRect
 .text.ST7735_DrawHLine
                0x08003920       0xa0 ./Drivers/BSP/ST7735/st7735.o
                0x08003920                ST7735_DrawHLine
 .text.ST7735_DrawVLine
                0x080039c0       0x68 ./Drivers/BSP/ST7735/st7735.o
                0x080039c0                ST7735_DrawVLine
 .text.ST7735_FillRect
                0x08003a28       0x58 ./Drivers/BSP/ST7735/st7735.o
                0x08003a28                ST7735_FillRect
 .text.ST7735_SetPixel
                0x08003a80       0x88 ./Drivers/BSP/ST7735/st7735.o
                0x08003a80                ST7735_SetPixel
 .text.ST7735_GetPixel
                0x08003b08       0x9e ./Drivers/BSP/ST7735/st7735.o
                0x08003b08                ST7735_GetPixel
 *fill*         0x08003ba6        0x2 
 .text.ST7735_GetXSize
                0x08003ba8       0x24 ./Drivers/BSP/ST7735/st7735.o
                0x08003ba8                ST7735_GetXSize
 .text.ST7735_GetYSize
                0x08003bcc       0x24 ./Drivers/BSP/ST7735/st7735.o
                0x08003bcc                ST7735_GetYSize
 .text.ST7735_SetDisplayWindow
                0x08003bf0      0x208 ./Drivers/BSP/ST7735/st7735.o
 .text.ST7735_ReadRegWrap
                0x08003df8       0x28 ./Drivers/BSP/ST7735/st7735.o
 .text.ST7735_WriteRegWrap
                0x08003e20       0x2a ./Drivers/BSP/ST7735/st7735.o
 .text.ST7735_SendDataWrap
                0x08003e4a       0x24 ./Drivers/BSP/ST7735/st7735.o
 .text.ST7735_RecvDataWrap
                0x08003e6e       0x24 ./Drivers/BSP/ST7735/st7735.o
 .text.ST7735_IO_Delay
                0x08003e92       0x34 ./Drivers/BSP/ST7735/st7735.o
 .text.st7735_read_reg
                0x08003ec6       0x26 ./Drivers/BSP/ST7735/st7735_reg.o
                0x08003ec6                st7735_read_reg
 .text.st7735_write_reg
                0x08003eec       0x2a ./Drivers/BSP/ST7735/st7735_reg.o
                0x08003eec                st7735_write_reg
 .text.st7735_send_data
                0x08003f16       0x24 ./Drivers/BSP/ST7735/st7735_reg.o
                0x08003f16                st7735_send_data
 .text.st7735_recv_data
                0x08003f3a       0x24 ./Drivers/BSP/ST7735/st7735_reg.o
                0x08003f3a                st7735_recv_data
 *fill*         0x08003f5e        0x2 
 .text.HAL_Init
                0x08003f60       0x78 ./Drivers/STM32H7xx_HAL_Driver/Src/stm32h7xx_hal.o
                0x08003f60                HAL_Init
 .text.HAL_InitTick
                0x08003fd8       0x6c ./Drivers/STM32H7xx_HAL_Driver/Src/stm32h7xx_hal.o
                0x08003fd8                HAL_InitTick
 .text.HAL_IncTick
                0x08004044       0x28 ./Drivers/STM32H7xx_HAL_Driver/Src/stm32h7xx_hal.o
                0x08004044                HAL_IncTick
 .text.HAL_GetTick
                0x0800406c       0x18 ./Drivers/STM32H7xx_HAL_Driver/Src/stm32h7xx_hal.o
                0x0800406c                HAL_GetTick
 .text.HAL_Delay
                0x08004084       0x48 ./Drivers/STM32H7xx_HAL_Driver/Src/stm32h7xx_hal.o
                0x08004084                HAL_Delay
 .text.HAL_GetREVID
                0x080040cc       0x18 ./Drivers/STM32H7xx_HAL_Driver/Src/stm32h7xx_hal.o
                0x080040cc                HAL_GetREVID
 .text.HAL_GetDEVID
                0x080040e4       0x1c ./Drivers/STM32H7xx_HAL_Driver/Src/stm32h7xx_hal.o
                0x080040e4                HAL_GetDEVID
 .text.__NVIC_SetPriorityGrouping
                0x08004100       0x48 ./Drivers/STM32H7xx_HAL_Driver/Src/stm32h7xx_hal_cortex.o
 .text.__NVIC_GetPriorityGrouping
                0x08004148       0x1c ./Drivers/STM32H7xx_HAL_Driver/Src/stm32h7xx_hal_cortex.o
 .text.__NVIC_EnableIRQ
                0x08004164       0x3c ./Drivers/STM32H7xx_HAL_Driver/Src/stm32h7xx_hal_cortex.o
 .text.__NVIC_SetPriority
                0x080041a0       0x54 ./Drivers/STM32H7xx_HAL_Driver/Src/stm32h7xx_hal_cortex.o
 .text.NVIC_EncodePriority
                0x080041f4       0x66 ./Drivers/STM32H7xx_HAL_Driver/Src/stm32h7xx_hal_cortex.o
 *fill*         0x0800425a        0x2 
 .text.SysTick_Config
                0x0800425c       0x44 ./Drivers/STM32H7xx_HAL_Driver/Src/stm32h7xx_hal_cortex.o
 .text.HAL_NVIC_SetPriorityGrouping
                0x080042a0       0x16 ./Drivers/STM32H7xx_HAL_Driver/Src/stm32h7xx_hal_cortex.o
                0x080042a0                HAL_NVIC_SetPriorityGrouping
 .text.HAL_NVIC_SetPriority
                0x080042b6       0x34 ./Drivers/STM32H7xx_HAL_Driver/Src/stm32h7xx_hal_cortex.o
                0x080042b6                HAL_NVIC_SetPriority
 .text.HAL_NVIC_EnableIRQ
                0x080042ea       0x1c ./Drivers/STM32H7xx_HAL_Driver/Src/stm32h7xx_hal_cortex.o
                0x080042ea                HAL_NVIC_EnableIRQ
 .text.HAL_SYSTICK_Config
                0x08004306       0x18 ./Drivers/STM32H7xx_HAL_Driver/Src/stm32h7xx_hal_cortex.o
                0x08004306                HAL_SYSTICK_Config
 *fill*         0x0800431e        0x2 
 .text.HAL_MPU_Disable
                0x08004320       0x30 ./Drivers/STM32H7xx_HAL_Driver/Src/stm32h7xx_hal_cortex.o
                0x08004320                HAL_MPU_Disable
 .text.HAL_MPU_Enable
                0x08004350       0x40 ./Drivers/STM32H7xx_HAL_Driver/Src/stm32h7xx_hal_cortex.o
                0x08004350                HAL_MPU_Enable
 .text.HAL_MPU_ConfigRegion
                0x08004390       0x80 ./Drivers/STM32H7xx_HAL_Driver/Src/stm32h7xx_hal_cortex.o
                0x08004390                HAL_MPU_ConfigRegion
 .text.HAL_DCMI_Init
                0x08004410       0xf4 ./Drivers/STM32H7xx_HAL_Driver/Src/stm32h7xx_hal_dcmi.o
                0x08004410                HAL_DCMI_Init
 .text.HAL_DCMI_Start_DMA
                0x08004504      0x184 ./Drivers/STM32H7xx_HAL_Driver/Src/stm32h7xx_hal_dcmi.o
                0x08004504                HAL_DCMI_Start_DMA
 .text.HAL_DCMI_Suspend
                0x08004688       0xb0 ./Drivers/STM32H7xx_HAL_Driver/Src/stm32h7xx_hal_dcmi.o
                0x08004688                HAL_DCMI_Suspend
 .text.HAL_DCMI_IRQHandler
                0x08004738      0x104 ./Drivers/STM32H7xx_HAL_Driver/Src/stm32h7xx_hal_dcmi.o
                0x08004738                HAL_DCMI_IRQHandler
 .text.HAL_DCMI_ErrorCallback
                0x0800483c       0x14 ./Drivers/STM32H7xx_HAL_Driver/Src/stm32h7xx_hal_dcmi.o
                0x0800483c                HAL_DCMI_ErrorCallback
 .text.HAL_DCMI_LineEventCallback
                0x08004850       0x14 ./Drivers/STM32H7xx_HAL_Driver/Src/stm32h7xx_hal_dcmi.o
                0x08004850                HAL_DCMI_LineEventCallback
 .text.HAL_DCMI_VsyncEventCallback
                0x08004864       0x14 ./Drivers/STM32H7xx_HAL_Driver/Src/stm32h7xx_hal_dcmi.o
                0x08004864                HAL_DCMI_VsyncEventCallback
 .text.DCMI_DMAXferCplt
                0x08004878      0x126 ./Drivers/STM32H7xx_HAL_Driver/Src/stm32h7xx_hal_dcmi.o
 .text.DCMI_DMAError
                0x0800499e       0x3a ./Drivers/STM32H7xx_HAL_Driver/Src/stm32h7xx_hal_dcmi.o
 .text.HAL_DMA_Init
                0x080049d8      0x6b8 ./Drivers/STM32H7xx_HAL_Driver/Src/stm32h7xx_hal_dma.o
                0x080049d8                HAL_DMA_Init
 .text.HAL_DMA_Start_IT
                0x08005090      0x4d4 ./Drivers/STM32H7xx_HAL_Driver/Src/stm32h7xx_hal_dma.o
                0x08005090                HAL_DMA_Start_IT
 .text.HAL_DMA_Abort_IT
                0x08005564      0x48c ./Drivers/STM32H7xx_HAL_Driver/Src/stm32h7xx_hal_dma.o
                0x08005564                HAL_DMA_Abort_IT
 .text.HAL_DMA_IRQHandler
                0x080059f0      0xe54 ./Drivers/STM32H7xx_HAL_Driver/Src/stm32h7xx_hal_dma.o
                0x080059f0                HAL_DMA_IRQHandler
 .text.DMA_SetConfig
                0x08006844      0x358 ./Drivers/STM32H7xx_HAL_Driver/Src/stm32h7xx_hal_dma.o
 .text.DMA_CalcBaseAndBitshift
                0x08006b9c      0x164 ./Drivers/STM32H7xx_HAL_Driver/Src/stm32h7xx_hal_dma.o
 .text.DMA_CheckFifoParam
                0x08006d00       0xf8 ./Drivers/STM32H7xx_HAL_Driver/Src/stm32h7xx_hal_dma.o
 .text.DMA_CalcDMAMUXChannelBaseAndMask
                0x08006df8      0x134 ./Drivers/STM32H7xx_HAL_Driver/Src/stm32h7xx_hal_dma.o
 .text.DMA_CalcDMAMUXRequestGenBaseAndMask
                0x08006f2c       0xe8 ./Drivers/STM32H7xx_HAL_Driver/Src/stm32h7xx_hal_dma.o
 .text.HAL_DMAEx_MultiBufferStart_IT
                0x08007014      0x6bc ./Drivers/STM32H7xx_HAL_Driver/Src/stm32h7xx_hal_dma_ex.o
                0x08007014                HAL_DMAEx_MultiBufferStart_IT
 .text.HAL_DMAEx_ChangeMemory
                0x080076d0      0x138 ./Drivers/STM32H7xx_HAL_Driver/Src/stm32h7xx_hal_dma_ex.o
                0x080076d0                HAL_DMAEx_ChangeMemory
 .text.DMA_MultiBufferSetConfig
                0x08007808      0x16c ./Drivers/STM32H7xx_HAL_Driver/Src/stm32h7xx_hal_dma_ex.o
 .text.HAL_GPIO_Init
                0x08007974      0x360 ./Drivers/STM32H7xx_HAL_Driver/Src/stm32h7xx_hal_gpio.o
                0x08007974                HAL_GPIO_Init
 .text.HAL_GPIO_ReadPin
                0x08007cd4       0x30 ./Drivers/STM32H7xx_HAL_Driver/Src/stm32h7xx_hal_gpio.o
                0x08007cd4                HAL_GPIO_ReadPin
 .text.HAL_GPIO_WritePin
                0x08007d04       0x32 ./Drivers/STM32H7xx_HAL_Driver/Src/stm32h7xx_hal_gpio.o
                0x08007d04                HAL_GPIO_WritePin
 *fill*         0x08007d36        0x2 
 .text.HAL_I2C_Init
                0x08007d38      0x138 ./Drivers/STM32H7xx_HAL_Driver/Src/stm32h7xx_hal_i2c.o
                0x08007d38                HAL_I2C_Init
 .text.HAL_I2C_Master_Transmit
                0x08007e70      0x230 ./Drivers/STM32H7xx_HAL_Driver/Src/stm32h7xx_hal_i2c.o
                0x08007e70                HAL_I2C_Master_Transmit
 .text.HAL_I2C_Master_Receive
                0x080080a0      0x1ec ./Drivers/STM32H7xx_HAL_Driver/Src/stm32h7xx_hal_i2c.o
                0x080080a0                HAL_I2C_Master_Receive
 .text.HAL_I2C_Mem_Write
                0x0800828c      0x228 ./Drivers/STM32H7xx_HAL_Driver/Src/stm32h7xx_hal_i2c.o
                0x0800828c                HAL_I2C_Mem_Write
 .text.HAL_I2C_Mem_Read
                0x080084b4      0x234 ./Drivers/STM32H7xx_HAL_Driver/Src/stm32h7xx_hal_i2c.o
                0x080084b4                HAL_I2C_Mem_Read
 .text.I2C_RequestMemoryWrite
                0x080086e8       0xa8 ./Drivers/STM32H7xx_HAL_Driver/Src/stm32h7xx_hal_i2c.o
 .text.I2C_RequestMemoryRead
                0x08008790       0xa8 ./Drivers/STM32H7xx_HAL_Driver/Src/stm32h7xx_hal_i2c.o
 .text.I2C_Flush_TXDR
                0x08008838       0x48 ./Drivers/STM32H7xx_HAL_Driver/Src/stm32h7xx_hal_i2c.o
 .text.I2C_WaitOnFlagUntilTimeout
                0x08008880       0xb2 ./Drivers/STM32H7xx_HAL_Driver/Src/stm32h7xx_hal_i2c.o
 .text.I2C_WaitOnTXISFlagUntilTimeout
                0x08008932       0x8e ./Drivers/STM32H7xx_HAL_Driver/Src/stm32h7xx_hal_i2c.o
 .text.I2C_WaitOnSTOPFlagUntilTimeout
                0x080089c0       0x86 ./Drivers/STM32H7xx_HAL_Driver/Src/stm32h7xx_hal_i2c.o
 *fill*         0x08008a46        0x2 
 .text.I2C_WaitOnRXNEFlagUntilTimeout
                0x08008a48      0x118 ./Drivers/STM32H7xx_HAL_Driver/Src/stm32h7xx_hal_i2c.o
 .text.I2C_IsErrorOccurred
                0x08008b60      0x1c0 ./Drivers/STM32H7xx_HAL_Driver/Src/stm32h7xx_hal_i2c.o
 .text.I2C_TransferConfig
                0x08008d20       0x64 ./Drivers/STM32H7xx_HAL_Driver/Src/stm32h7xx_hal_i2c.o
 .text.HAL_I2CEx_ConfigAnalogFilter
                0x08008d84       0x96 ./Drivers/STM32H7xx_HAL_Driver/Src/stm32h7xx_hal_i2c_ex.o
                0x08008d84                HAL_I2CEx_ConfigAnalogFilter
 .text.HAL_I2CEx_ConfigDigitalFilter
                0x08008e1a       0x98 ./Drivers/STM32H7xx_HAL_Driver/Src/stm32h7xx_hal_i2c_ex.o
                0x08008e1a                HAL_I2CEx_ConfigDigitalFilter
 *fill*         0x08008eb2        0x2 
 .text.HAL_PWREx_ConfigSupply
                0x08008eb4       0x74 ./Drivers/STM32H7xx_HAL_Driver/Src/stm32h7xx_hal_pwr_ex.o
                0x08008eb4                HAL_PWREx_ConfigSupply
 .text.HAL_RCC_OscConfig
                0x08008f28      0x8b4 ./Drivers/STM32H7xx_HAL_Driver/Src/stm32h7xx_hal_rcc.o
                0x08008f28                HAL_RCC_OscConfig
 .text.HAL_RCC_ClockConfig
                0x080097dc      0x36c ./Drivers/STM32H7xx_HAL_Driver/Src/stm32h7xx_hal_rcc.o
                0x080097dc                HAL_RCC_ClockConfig
 .text.HAL_RCC_MCOConfig
                0x08009b48       0xd4 ./Drivers/STM32H7xx_HAL_Driver/Src/stm32h7xx_hal_rcc.o
                0x08009b48                HAL_RCC_MCOConfig
 .text.HAL_RCC_GetSysClockFreq
                0x08009c1c      0x2f4 ./Drivers/STM32H7xx_HAL_Driver/Src/stm32h7xx_hal_rcc.o
                0x08009c1c                HAL_RCC_GetSysClockFreq
 .text.HAL_RCC_GetHCLKFreq
                0x08009f10       0x60 ./Drivers/STM32H7xx_HAL_Driver/Src/stm32h7xx_hal_rcc.o
                0x08009f10                HAL_RCC_GetHCLKFreq
 .text.HAL_RCC_GetPCLK1Freq
                0x08009f70       0x2c ./Drivers/STM32H7xx_HAL_Driver/Src/stm32h7xx_hal_rcc.o
                0x08009f70                HAL_RCC_GetPCLK1Freq
 .text.HAL_RCCEx_PeriphCLKConfig
                0x08009f9c     0x1414 ./Drivers/STM32H7xx_HAL_Driver/Src/stm32h7xx_hal_rcc_ex.o
                0x08009f9c                HAL_RCCEx_PeriphCLKConfig
 .text.HAL_RCCEx_GetPeriphCLKFreq
                0x0800b3b0      0xb00 ./Drivers/STM32H7xx_HAL_Driver/Src/stm32h7xx_hal_rcc_ex.o
                0x0800b3b0                HAL_RCCEx_GetPeriphCLKFreq
 .text.HAL_RCCEx_GetD3PCLK1Freq
                0x0800beb0       0x2c ./Drivers/STM32H7xx_HAL_Driver/Src/stm32h7xx_hal_rcc_ex.o
                0x0800beb0                HAL_RCCEx_GetD3PCLK1Freq
 .text.HAL_RCCEx_GetPLL2ClockFreq
                0x0800bedc      0x2a8 ./Drivers/STM32H7xx_HAL_Driver/Src/stm32h7xx_hal_rcc_ex.o
                0x0800bedc                HAL_RCCEx_GetPLL2ClockFreq
 .text.HAL_RCCEx_GetPLL3ClockFreq
                0x0800c184      0x2a8 ./Drivers/STM32H7xx_HAL_Driver/Src/stm32h7xx_hal_rcc_ex.o
                0x0800c184                HAL_RCCEx_GetPLL3ClockFreq
 .text.HAL_RCCEx_GetPLL1ClockFreq
                0x0800c42c      0x2a4 ./Drivers/STM32H7xx_HAL_Driver/Src/stm32h7xx_hal_rcc_ex.o
                0x0800c42c                HAL_RCCEx_GetPLL1ClockFreq
 .text.RCCEx_PLL2_Config
                0x0800c6d0      0x164 ./Drivers/STM32H7xx_HAL_Driver/Src/stm32h7xx_hal_rcc_ex.o
 .text.RCCEx_PLL3_Config
                0x0800c834      0x164 ./Drivers/STM32H7xx_HAL_Driver/Src/stm32h7xx_hal_rcc_ex.o
 .text.HAL_SD_Init
                0x0800c998      0x106 ./Drivers/STM32H7xx_HAL_Driver/Src/stm32h7xx_hal_sd.o
                0x0800c998                HAL_SD_Init
 *fill*         0x0800ca9e        0x2 
 .text.HAL_SD_InitCard
                0x0800caa0      0x138 ./Drivers/STM32H7xx_HAL_Driver/Src/stm32h7xx_hal_sd.o
                0x0800caa0                HAL_SD_InitCard
 .text.HAL_SD_ReadBlocks_DMA
                0x0800cbd8      0x150 ./Drivers/STM32H7xx_HAL_Driver/Src/stm32h7xx_hal_sd.o
                0x0800cbd8                HAL_SD_ReadBlocks_DMA
 .text.HAL_SD_WriteBlocks_DMA
                0x0800cd28      0x150 ./Drivers/STM32H7xx_HAL_Driver/Src/stm32h7xx_hal_sd.o
                0x0800cd28                HAL_SD_WriteBlocks_DMA
 .text.HAL_SD_IRQHandler
                0x0800ce78      0x370 ./Drivers/STM32H7xx_HAL_Driver/Src/stm32h7xx_hal_sd.o
                0x0800ce78                HAL_SD_IRQHandler
 .text.HAL_SD_ErrorCallback
                0x0800d1e8       0x14 ./Drivers/STM32H7xx_HAL_Driver/Src/stm32h7xx_hal_sd.o
                0x0800d1e8                HAL_SD_ErrorCallback
 .text.HAL_SD_GetCardCSD
                0x0800d1fc      0x348 ./Drivers/STM32H7xx_HAL_Driver/Src/stm32h7xx_hal_sd.o
                0x0800d1fc                HAL_SD_GetCardCSD
 .text.HAL_SD_GetCardStatus
                0x0800d544      0x17c ./Drivers/STM32H7xx_HAL_Driver/Src/stm32h7xx_hal_sd.o
                0x0800d544                HAL_SD_GetCardStatus
 .text.HAL_SD_GetCardInfo
                0x0800d6c0       0x58 ./Drivers/STM32H7xx_HAL_Driver/Src/stm32h7xx_hal_sd.o
                0x0800d6c0                HAL_SD_GetCardInfo
 .text.HAL_SD_ConfigWideBusOperation
                0x0800d718      0x224 ./Drivers/STM32H7xx_HAL_Driver/Src/stm32h7xx_hal_sd.o
                0x0800d718                HAL_SD_ConfigWideBusOperation
 .text.HAL_SD_GetCardState
                0x0800d93c       0x40 ./Drivers/STM32H7xx_HAL_Driver/Src/stm32h7xx_hal_sd.o
                0x0800d93c                HAL_SD_GetCardState
 .text.SD_InitCard
                0x0800d97c      0x19c ./Drivers/STM32H7xx_HAL_Driver/Src/stm32h7xx_hal_sd.o
 .text.SD_PowerON
                0x0800db18      0x11c ./Drivers/STM32H7xx_HAL_Driver/Src/stm32h7xx_hal_sd.o
 .text.SD_SendSDStatus
                0x0800dc34      0x1a0 ./Drivers/STM32H7xx_HAL_Driver/Src/stm32h7xx_hal_sd.o
 .text.SD_SendStatus
                0x0800ddd4       0x50 ./Drivers/STM32H7xx_HAL_Driver/Src/stm32h7xx_hal_sd.o
 .text.SD_WideBus_Enable
                0x0800de24       0x96 ./Drivers/STM32H7xx_HAL_Driver/Src/stm32h7xx_hal_sd.o
 .text.SD_WideBus_Disable
                0x0800deba       0x96 ./Drivers/STM32H7xx_HAL_Driver/Src/stm32h7xx_hal_sd.o
 .text.SD_FindSCR
                0x0800df50      0x1a0 ./Drivers/STM32H7xx_HAL_Driver/Src/stm32h7xx_hal_sd.o
 .text.SD_Read_IT
                0x0800e0f0       0x8c ./Drivers/STM32H7xx_HAL_Driver/Src/stm32h7xx_hal_sd.o
 .text.SD_Write_IT
                0x0800e17c       0x94 ./Drivers/STM32H7xx_HAL_Driver/Src/stm32h7xx_hal_sd.o
 .text.HAL_SDEx_Read_DMADoubleBuf0CpltCallback
                0x0800e210       0x14 ./Drivers/STM32H7xx_HAL_Driver/Src/stm32h7xx_hal_sd.o
                0x0800e210                HAL_SDEx_Read_DMADoubleBuf0CpltCallback
 .text.HAL_SDEx_Read_DMADoubleBuf1CpltCallback
                0x0800e224       0x14 ./Drivers/STM32H7xx_HAL_Driver/Src/stm32h7xx_hal_sd.o
                0x0800e224                HAL_SDEx_Read_DMADoubleBuf1CpltCallback
 .text.HAL_SDEx_Write_DMADoubleBuf0CpltCallback
                0x0800e238       0x14 ./Drivers/STM32H7xx_HAL_Driver/Src/stm32h7xx_hal_sd.o
                0x0800e238                HAL_SDEx_Write_DMADoubleBuf0CpltCallback
 .text.HAL_SDEx_Write_DMADoubleBuf1CpltCallback
                0x0800e24c       0x14 ./Drivers/STM32H7xx_HAL_Driver/Src/stm32h7xx_hal_sd.o
                0x0800e24c                HAL_SDEx_Write_DMADoubleBuf1CpltCallback
 .text.HAL_SPI_Init
                0x0800e260      0x248 ./Drivers/STM32H7xx_HAL_Driver/Src/stm32h7xx_hal_spi.o
                0x0800e260                HAL_SPI_Init
 .text.HAL_SPI_Transmit
                0x0800e4a8      0x3dc ./Drivers/STM32H7xx_HAL_Driver/Src/stm32h7xx_hal_spi.o
                0x0800e4a8                HAL_SPI_Transmit
 .text.HAL_SPI_Receive
                0x0800e884      0x4e4 ./Drivers/STM32H7xx_HAL_Driver/Src/stm32h7xx_hal_spi.o
                0x0800e884                HAL_SPI_Receive
 .text.SPI_CloseTransfer
                0x0800ed68      0x140 ./Drivers/STM32H7xx_HAL_Driver/Src/stm32h7xx_hal_spi.o
 .text.SPI_WaitOnFlagUntilTimeout
                0x0800eea8       0x5c ./Drivers/STM32H7xx_HAL_Driver/Src/stm32h7xx_hal_spi.o
 .text.SPI_GetPacketSize
                0x0800ef04       0x36 ./Drivers/STM32H7xx_HAL_Driver/Src/stm32h7xx_hal_spi.o
 .text.HAL_TIM_PWM_Init
                0x0800ef3a       0xae ./Drivers/STM32H7xx_HAL_Driver/Src/stm32h7xx_hal_tim.o
                0x0800ef3a                HAL_TIM_PWM_Init
 .text.HAL_TIM_IRQHandler
                0x0800efe8      0x20e ./Drivers/STM32H7xx_HAL_Driver/Src/stm32h7xx_hal_tim.o
                0x0800efe8                HAL_TIM_IRQHandler
 *fill*         0x0800f1f6        0x2 
 .text.HAL_TIM_PWM_ConfigChannel
                0x0800f1f8      0x228 ./Drivers/STM32H7xx_HAL_Driver/Src/stm32h7xx_hal_tim.o
                0x0800f1f8                HAL_TIM_PWM_ConfigChannel
 .text.HAL_TIM_OC_DelayElapsedCallback
                0x0800f420       0x14 ./Drivers/STM32H7xx_HAL_Driver/Src/stm32h7xx_hal_tim.o
                0x0800f420                HAL_TIM_OC_DelayElapsedCallback
 .text.HAL_TIM_IC_CaptureCallback
                0x0800f434       0x14 ./Drivers/STM32H7xx_HAL_Driver/Src/stm32h7xx_hal_tim.o
                0x0800f434                HAL_TIM_IC_CaptureCallback
 .text.HAL_TIM_PWM_PulseFinishedCallback
                0x0800f448       0x14 ./Drivers/STM32H7xx_HAL_Driver/Src/stm32h7xx_hal_tim.o
                0x0800f448                HAL_TIM_PWM_PulseFinishedCallback
 .text.HAL_TIM_TriggerCallback
                0x0800f45c       0x14 ./Drivers/STM32H7xx_HAL_Driver/Src/stm32h7xx_hal_tim.o
                0x0800f45c                HAL_TIM_TriggerCallback
 .text.TIM_Base_SetConfig
                0x0800f470      0x140 ./Drivers/STM32H7xx_HAL_Driver/Src/stm32h7xx_hal_tim.o
                0x0800f470                TIM_Base_SetConfig
 .text.TIM_OC1_SetConfig
                0x0800f5b0      0x120 ./Drivers/STM32H7xx_HAL_Driver/Src/stm32h7xx_hal_tim.o
 .text.TIM_OC2_SetConfig
                0x0800f6d0      0x114 ./Drivers/STM32H7xx_HAL_Driver/Src/stm32h7xx_hal_tim.o
                0x0800f6d0                TIM_OC2_SetConfig
 .text.TIM_OC3_SetConfig
                0x0800f7e4      0x110 ./Drivers/STM32H7xx_HAL_Driver/Src/stm32h7xx_hal_tim.o
 .text.TIM_OC4_SetConfig
                0x0800f8f4       0xd4 ./Drivers/STM32H7xx_HAL_Driver/Src/stm32h7xx_hal_tim.o
 .text.TIM_OC5_SetConfig
                0x0800f9c8       0xc8 ./Drivers/STM32H7xx_HAL_Driver/Src/stm32h7xx_hal_tim.o
 .text.TIM_OC6_SetConfig
                0x0800fa90       0xcc ./Drivers/STM32H7xx_HAL_Driver/Src/stm32h7xx_hal_tim.o
 .text.HAL_TIMEx_PWMN_Start
                0x0800fb5c      0x184 ./Drivers/STM32H7xx_HAL_Driver/Src/stm32h7xx_hal_tim_ex.o
                0x0800fb5c                HAL_TIMEx_PWMN_Start
 .text.HAL_TIMEx_MasterConfigSynchronization
                0x0800fce0      0x11c ./Drivers/STM32H7xx_HAL_Driver/Src/stm32h7xx_hal_tim_ex.o
                0x0800fce0                HAL_TIMEx_MasterConfigSynchronization
 .text.HAL_TIMEx_ConfigBreakDeadTime
                0x0800fdfc       0xfc ./Drivers/STM32H7xx_HAL_Driver/Src/stm32h7xx_hal_tim_ex.o
                0x0800fdfc                HAL_TIMEx_ConfigBreakDeadTime
 .text.HAL_TIMEx_CommutCallback
                0x0800fef8       0x14 ./Drivers/STM32H7xx_HAL_Driver/Src/stm32h7xx_hal_tim_ex.o
                0x0800fef8                HAL_TIMEx_CommutCallback
 .text.HAL_TIMEx_BreakCallback
                0x0800ff0c       0x14 ./Drivers/STM32H7xx_HAL_Driver/Src/stm32h7xx_hal_tim_ex.o
                0x0800ff0c                HAL_TIMEx_BreakCallback
 .text.HAL_TIMEx_Break2Callback
                0x0800ff20       0x14 ./Drivers/STM32H7xx_HAL_Driver/Src/stm32h7xx_hal_tim_ex.o
                0x0800ff20                HAL_TIMEx_Break2Callback
 .text.TIM_CCxNChannelCmd
                0x0800ff34       0x4a ./Drivers/STM32H7xx_HAL_Driver/Src/stm32h7xx_hal_tim_ex.o
 *fill*         0x0800ff7e        0x2 
 .text.SDMMC_Init
                0x0800ff80       0x54 ./Drivers/STM32H7xx_HAL_Driver/Src/stm32h7xx_ll_sdmmc.o
                0x0800ff80                SDMMC_Init
 .text.SDMMC_ReadFIFO
                0x0800ffd4       0x1a ./Drivers/STM32H7xx_HAL_Driver/Src/stm32h7xx_ll_sdmmc.o
                0x0800ffd4                SDMMC_ReadFIFO
 .text.SDMMC_WriteFIFO
                0x0800ffee       0x22 ./Drivers/STM32H7xx_HAL_Driver/Src/stm32h7xx_ll_sdmmc.o
                0x0800ffee                SDMMC_WriteFIFO
 .text.SDMMC_PowerState_ON
                0x08010010       0x22 ./Drivers/STM32H7xx_HAL_Driver/Src/stm32h7xx_ll_sdmmc.o
                0x08010010                SDMMC_PowerState_ON
 .text.SDMMC_GetPowerState
                0x08010032       0x1c ./Drivers/STM32H7xx_HAL_Driver/Src/stm32h7xx_ll_sdmmc.o
                0x08010032                SDMMC_GetPowerState
 *fill*         0x0801004e        0x2 
 .text.SDMMC_SendCommand
                0x08010050       0x54 ./Drivers/STM32H7xx_HAL_Driver/Src/stm32h7xx_ll_sdmmc.o
                0x08010050                SDMMC_SendCommand
 .text.SDMMC_GetCommandResponse
                0x080100a4       0x1a ./Drivers/STM32H7xx_HAL_Driver/Src/stm32h7xx_ll_sdmmc.o
                0x080100a4                SDMMC_GetCommandResponse
 .text.SDMMC_GetResponse
                0x080100be       0x26 ./Drivers/STM32H7xx_HAL_Driver/Src/stm32h7xx_ll_sdmmc.o
                0x080100be                SDMMC_GetResponse
 .text.SDMMC_ConfigData
                0x080100e4       0x58 ./Drivers/STM32H7xx_HAL_Driver/Src/stm32h7xx_ll_sdmmc.o
                0x080100e4                SDMMC_ConfigData
 .text.SDMMC_CmdBlockLength
                0x0801013c       0x46 ./Drivers/STM32H7xx_HAL_Driver/Src/stm32h7xx_ll_sdmmc.o
                0x0801013c                SDMMC_CmdBlockLength
 .text.SDMMC_CmdReadSingleBlock
                0x08010182       0x46 ./Drivers/STM32H7xx_HAL_Driver/Src/stm32h7xx_ll_sdmmc.o
                0x08010182                SDMMC_CmdReadSingleBlock
 .text.SDMMC_CmdReadMultiBlock
                0x080101c8       0x46 ./Drivers/STM32H7xx_HAL_Driver/Src/stm32h7xx_ll_sdmmc.o
                0x080101c8                SDMMC_CmdReadMultiBlock
 .text.SDMMC_CmdWriteSingleBlock
                0x0801020e       0x46 ./Drivers/STM32H7xx_HAL_Driver/Src/stm32h7xx_ll_sdmmc.o
                0x0801020e                SDMMC_CmdWriteSingleBlock
 .text.SDMMC_CmdWriteMultiBlock
                0x08010254       0x46 ./Drivers/STM32H7xx_HAL_Driver/Src/stm32h7xx_ll_sdmmc.o
                0x08010254                SDMMC_CmdWriteMultiBlock
 *fill*         0x0801029a        0x2 
 .text.SDMMC_CmdStopTransfer
                0x0801029c       0x78 ./Drivers/STM32H7xx_HAL_Driver/Src/stm32h7xx_ll_sdmmc.o
                0x0801029c                SDMMC_CmdStopTransfer
 .text.SDMMC_CmdSelDesel
                0x08010314       0x46 ./Drivers/STM32H7xx_HAL_Driver/Src/stm32h7xx_ll_sdmmc.o
                0x08010314                SDMMC_CmdSelDesel
 .text.SDMMC_CmdGoIdleState
                0x0801035a       0x3c ./Drivers/STM32H7xx_HAL_Driver/Src/stm32h7xx_ll_sdmmc.o
                0x0801035a                SDMMC_CmdGoIdleState
 .text.SDMMC_CmdOperCond
                0x08010396       0x40 ./Drivers/STM32H7xx_HAL_Driver/Src/stm32h7xx_ll_sdmmc.o
                0x08010396                SDMMC_CmdOperCond
 .text.SDMMC_CmdAppCommand
                0x080103d6       0x46 ./Drivers/STM32H7xx_HAL_Driver/Src/stm32h7xx_ll_sdmmc.o
                0x080103d6                SDMMC_CmdAppCommand
 .text.SDMMC_CmdAppOperCommand
                0x0801041c       0x40 ./Drivers/STM32H7xx_HAL_Driver/Src/stm32h7xx_ll_sdmmc.o
                0x0801041c                SDMMC_CmdAppOperCommand
 .text.SDMMC_CmdBusWidth
                0x0801045c       0x46 ./Drivers/STM32H7xx_HAL_Driver/Src/stm32h7xx_ll_sdmmc.o
                0x0801045c                SDMMC_CmdBusWidth
 .text.SDMMC_CmdSendSCR
                0x080104a2       0x44 ./Drivers/STM32H7xx_HAL_Driver/Src/stm32h7xx_ll_sdmmc.o
                0x080104a2                SDMMC_CmdSendSCR
 .text.SDMMC_CmdSendCID
                0x080104e6       0x3e ./Drivers/STM32H7xx_HAL_Driver/Src/stm32h7xx_ll_sdmmc.o
                0x080104e6                SDMMC_CmdSendCID
 .text.SDMMC_CmdSendCSD
                0x08010524       0x40 ./Drivers/STM32H7xx_HAL_Driver/Src/stm32h7xx_ll_sdmmc.o
                0x08010524                SDMMC_CmdSendCSD
 .text.SDMMC_CmdSetRelAdd
                0x08010564       0x44 ./Drivers/STM32H7xx_HAL_Driver/Src/stm32h7xx_ll_sdmmc.o
                0x08010564                SDMMC_CmdSetRelAdd
 .text.SDMMC_CmdSendStatus
                0x080105a8       0x46 ./Drivers/STM32H7xx_HAL_Driver/Src/stm32h7xx_ll_sdmmc.o
                0x080105a8                SDMMC_CmdSendStatus
 .text.SDMMC_CmdStatusRegister
                0x080105ee       0x44 ./Drivers/STM32H7xx_HAL_Driver/Src/stm32h7xx_ll_sdmmc.o
                0x080105ee                SDMMC_CmdStatusRegister
 *fill*         0x08010632        0x2 
 .text.SDMMC_GetCmdResp1
                0x08010634      0x1e4 ./Drivers/STM32H7xx_HAL_Driver/Src/stm32h7xx_ll_sdmmc.o
                0x08010634                SDMMC_GetCmdResp1
 .text.SDMMC_GetCmdResp2
                0x08010818       0x94 ./Drivers/STM32H7xx_HAL_Driver/Src/stm32h7xx_ll_sdmmc.o
                0x08010818                SDMMC_GetCmdResp2
 .text.SDMMC_GetCmdResp3
                0x080108ac       0x80 ./Drivers/STM32H7xx_HAL_Driver/Src/stm32h7xx_ll_sdmmc.o
                0x080108ac                SDMMC_GetCmdResp3
 .text.SDMMC_GetCmdResp6
                0x0801092c       0xf0 ./Drivers/STM32H7xx_HAL_Driver/Src/stm32h7xx_ll_sdmmc.o
                0x0801092c                SDMMC_GetCmdResp6
 .text.SDMMC_GetCmdResp7
                0x08010a1c       0x9c ./Drivers/STM32H7xx_HAL_Driver/Src/stm32h7xx_ll_sdmmc.o
                0x08010a1c                SDMMC_GetCmdResp7
 .text.SDMMC_GetCmdError
                0x08010ab8       0x5c ./Drivers/STM32H7xx_HAL_Driver/Src/stm32h7xx_ll_sdmmc.o
 .text.disk_status
                0x08010b14       0x34 ./Middlewares/Third_Party/FatFs/src/diskio.o
                0x08010b14                disk_status
 .text.disk_initialize
                0x08010b48       0x50 ./Middlewares/Third_Party/FatFs/src/diskio.o
                0x08010b48                disk_initialize
 .text.disk_read
                0x08010b98       0x40 ./Middlewares/Third_Party/FatFs/src/diskio.o
                0x08010b98                disk_read
 .text.disk_write
                0x08010bd8       0x40 ./Middlewares/Third_Party/FatFs/src/diskio.o
                0x08010bd8                disk_write
 .text.disk_ioctl
                0x08010c18       0x3c ./Middlewares/Third_Party/FatFs/src/diskio.o
                0x08010c18                disk_ioctl
 .text.ld_word  0x08010c54       0x32 ./Middlewares/Third_Party/FatFs/src/ff.o
 .text.ld_dword
                0x08010c86       0x46 ./Middlewares/Third_Party/FatFs/src/ff.o
 .text.st_word  0x08010ccc       0x36 ./Middlewares/Third_Party/FatFs/src/ff.o
 .text.st_dword
                0x08010d02       0x58 ./Middlewares/Third_Party/FatFs/src/ff.o
 .text.mem_cpy  0x08010d5a       0x42 ./Middlewares/Third_Party/FatFs/src/ff.o
 .text.mem_set  0x08010d9c       0x36 ./Middlewares/Third_Party/FatFs/src/ff.o
 .text.mem_cmp  0x08010dd2       0x4e ./Middlewares/Third_Party/FatFs/src/ff.o
 .text.chk_chr  0x08010e20       0x36 ./Middlewares/Third_Party/FatFs/src/ff.o
 *fill*         0x08010e56        0x2 
 .text.chk_lock
                0x08010e58       0xb8 ./Middlewares/Third_Party/FatFs/src/ff.o
 .text.enq_lock
                0x08010f10       0x44 ./Middlewares/Third_Party/FatFs/src/ff.o
 .text.inc_lock
                0x08010f54      0x11c ./Middlewares/Third_Party/FatFs/src/ff.o
 .text.dec_lock
                0x08011070       0x78 ./Middlewares/Third_Party/FatFs/src/ff.o
 .text.clear_lock
                0x080110e8       0x48 ./Middlewares/Third_Party/FatFs/src/ff.o
 .text.sync_window
                0x08011130       0x88 ./Middlewares/Third_Party/FatFs/src/ff.o
 .text.move_window
                0x080111b8       0x5a ./Middlewares/Third_Party/FatFs/src/ff.o
 *fill*         0x08011212        0x2 
 .text.sync_fs  0x08011214       0xdc ./Middlewares/Third_Party/FatFs/src/ff.o
 .text.clust2sect
                0x080112f0       0x3e ./Middlewares/Third_Party/FatFs/src/ff.o
 .text.get_fat  0x0801132e      0x14e ./Middlewares/Third_Party/FatFs/src/ff.o
 .text.put_fat  0x0801147c      0x1d4 ./Middlewares/Third_Party/FatFs/src/ff.o
 .text.remove_chain
                0x08011650       0xca ./Middlewares/Third_Party/FatFs/src/ff.o
 .text.create_chain
                0x0801171a      0x130 ./Middlewares/Third_Party/FatFs/src/ff.o
 .text.clmt_clust
                0x0801184a       0x68 ./Middlewares/Third_Party/FatFs/src/ff.o
 .text.dir_sdi  0x080118b2       0xf6 ./Middlewares/Third_Party/FatFs/src/ff.o
 .text.dir_next
                0x080119a8      0x18a ./Middlewares/Third_Party/FatFs/src/ff.o
 .text.dir_alloc
                0x08011b32       0x8e ./Middlewares/Third_Party/FatFs/src/ff.o
 .text.ld_clust
                0x08011bc0       0x3e ./Middlewares/Third_Party/FatFs/src/ff.o
 .text.st_clust
                0x08011bfe       0x40 ./Middlewares/Third_Party/FatFs/src/ff.o
 .text.dir_find
                0x08011c3e       0xaa ./Middlewares/Third_Party/FatFs/src/ff.o
 .text.dir_register
                0x08011ce8       0x64 ./Middlewares/Third_Party/FatFs/src/ff.o
 .text.create_name
                0x08011d4c      0x128 ./Middlewares/Third_Party/FatFs/src/ff.o
 .text.follow_path
                0x08011e74       0xe2 ./Middlewares/Third_Party/FatFs/src/ff.o
 .text.get_ldnumber
                0x08011f56       0x88 ./Middlewares/Third_Party/FatFs/src/ff.o
 *fill*         0x08011fde        0x2 
 .text.check_fs
                0x08011fe0       0xac ./Middlewares/Third_Party/FatFs/src/ff.o
 .text.find_volume
                0x0801208c      0x498 ./Middlewares/Third_Party/FatFs/src/ff.o
 .text.validate
                0x08012524       0x6a ./Middlewares/Third_Party/FatFs/src/ff.o
 *fill*         0x0801258e        0x2 
 .text.f_mount  0x08012590       0x8c ./Middlewares/Third_Party/FatFs/src/ff.o
                0x08012590                f_mount
 .text.f_open   0x0801261c      0x374 ./Middlewares/Third_Party/FatFs/src/ff.o
                0x0801261c                f_open
 .text.f_write  0x08012990      0x2ea ./Middlewares/Third_Party/FatFs/src/ff.o
                0x08012990                f_write
 .text.f_sync   0x08012c7a       0xfc ./Middlewares/Third_Party/FatFs/src/ff.o
                0x08012c7a                f_sync
 .text.f_close  0x08012d76       0x54 ./Middlewares/Third_Party/FatFs/src/ff.o
                0x08012d76                f_close
 *fill*         0x08012dca        0x2 
 .text.FATFS_LinkDriverEx
                0x08012dcc       0x98 ./Middlewares/Third_Party/FatFs/src/ff_gen_drv.o
                0x08012dcc                FATFS_LinkDriverEx
 .text.FATFS_LinkDriver
                0x08012e64       0x1e ./Middlewares/Third_Party/FatFs/src/ff_gen_drv.o
                0x08012e64                FATFS_LinkDriver
 *fill*         0x08012e82        0x2 
 .text.BSP_SD_Init
                0x08012e84       0x4c ./Src/bsp_driver_sd.o
                0x08012e84                BSP_SD_Init
 .text.BSP_SD_ReadBlocks_DMA
                0x08012ed0       0x34 ./Src/bsp_driver_sd.o
                0x08012ed0                BSP_SD_ReadBlocks_DMA
 .text.BSP_SD_WriteBlocks_DMA
                0x08012f04       0x34 ./Src/bsp_driver_sd.o
                0x08012f04                BSP_SD_WriteBlocks_DMA
 .text.BSP_SD_GetCardState
                0x08012f38       0x20 ./Src/bsp_driver_sd.o
                0x08012f38                BSP_SD_GetCardState
 .text.BSP_SD_GetCardInfo
                0x08012f58       0x1c ./Src/bsp_driver_sd.o
                0x08012f58                BSP_SD_GetCardInfo
 .text.HAL_SD_TxCpltCallback
                0x08012f74       0x14 ./Src/bsp_driver_sd.o
                0x08012f74                HAL_SD_TxCpltCallback
 .text.HAL_SD_RxCpltCallback
                0x08012f88       0x14 ./Src/bsp_driver_sd.o
                0x08012f88                HAL_SD_RxCpltCallback
 .text.BSP_SD_IsDetected
                0x08012f9c       0x1a ./Src/bsp_driver_sd.o
                0x08012f9c                BSP_SD_IsDetected
 *fill*         0x08012fb6        0x2 
 .text.MX_DCMI_Init
                0x08012fb8       0x68 ./Src/dcmi.o
                0x08012fb8                MX_DCMI_Init
 .text.HAL_DCMI_MspInit
                0x08013020      0x214 ./Src/dcmi.o
                0x08013020                HAL_DCMI_MspInit
 .text.MX_DMA_Init
                0x08013234       0x40 ./Src/dma.o
                0x08013234                MX_DMA_Init
 .text.MX_FATFS_Init
                0x08013274       0x24 ./Src/fatfs.o
                0x08013274                MX_FATFS_Init
 .text.get_fattime
                0x08013298       0x10 ./Src/fatfs.o
                0x08013298                get_fattime
 .text.MX_GPIO_Init
                0x080132a8      0x170 ./Src/gpio.o
                0x080132a8                MX_GPIO_Init
 .text.MX_I2C1_Init
                0x08013418       0x80 ./Src/i2c.o
                0x08013418                MX_I2C1_Init
 .text.HAL_I2C_MspInit
                0x08013498       0xd4 ./Src/i2c.o
                0x08013498                HAL_I2C_MspInit
 .text.MPU_Config
                0x0801356c       0xc6 ./Src/main.o
 *fill*         0x08013632        0x2 
 .text.CPU_CACHE_Enable
                0x08013634       0x58 ./Src/main.o
 .text.LED_Blink
                0x0801368c       0x40 ./Src/main.o
                0x0801368c                LED_Blink
 .text.SD_Mount
                0x080136cc       0x48 ./Src/main.o
                0x080136cc                SD_Mount
 .text.Camera_Capture
                0x08013714       0x38 ./Src/main.o
                0x08013714                Camera_Capture
 .text.Save_BMP
                0x0801374c      0x1d0 ./Src/main.o
                0x0801374c                Save_BMP
 .text.SD_WriteTest
                0x0801391c      0x1e4 ./Src/main.o
                0x0801391c                SD_WriteTest
 .text.main     0x08013b00      0x2d0 ./Src/main.o
                0x08013b00                main
 .text.SystemClock_Config
                0x08013dd0      0x104 ./Src/main.o
                0x08013dd0                SystemClock_Config
 .text.HAL_DCMI_FrameEventCallback
                0x08013ed4       0x5c ./Src/main.o
                0x08013ed4                HAL_DCMI_FrameEventCallback
 .text.Error_Handler
                0x08013f30        0xe ./Src/main.o
                0x08013f30                Error_Handler
 .text.SD_CheckStatusWithTimeout
                0x08013f3e       0x3a ./Src/sd_diskio.o
 .text.SD_CheckStatus
                0x08013f78       0x3c ./Src/sd_diskio.o
 .text.SD_initialize
                0x08013fb4       0x38 ./Src/sd_diskio.o
                0x08013fb4                SD_initialize
 .text.SD_status
                0x08013fec       0x1c ./Src/sd_diskio.o
                0x08013fec                SD_status
 .text.SD_read  0x08014008       0xac ./Src/sd_diskio.o
                0x08014008                SD_read
 .text.SD_write
                0x080140b4       0xac ./Src/sd_diskio.o
                0x080140b4                SD_write
 .text.SD_ioctl
                0x08014160       0xb0 ./Src/sd_diskio.o
                0x08014160                SD_ioctl
 .text.BSP_SD_WriteCpltCallback
                0x08014210       0x18 ./Src/sd_diskio.o
                0x08014210                BSP_SD_WriteCpltCallback
 .text.BSP_SD_ReadCpltCallback
                0x08014228       0x18 ./Src/sd_diskio.o
                0x08014228                BSP_SD_ReadCpltCallback
 .text.MX_SDMMC1_SD_Init
                0x08014240       0x48 ./Src/sdmmc.o
                0x08014240                MX_SDMMC1_SD_Init
 .text.HAL_SD_MspInit
                0x08014288      0x12c ./Src/sdmmc.o
                0x08014288                HAL_SD_MspInit
 .text.MX_SPI4_Init
                0x080143b4       0xb0 ./Src/spi.o
                0x080143b4                MX_SPI4_Init
 .text.HAL_SPI_MspInit
                0x08014464       0xd0 ./Src/spi.o
                0x08014464                HAL_SPI_MspInit
 .text.HAL_MspInit
                0x08014534       0x34 ./Src/stm32h7xx_hal_msp.o
                0x08014534                HAL_MspInit
 .text.NMI_Handler
                0x08014568        0xe ./Src/stm32h7xx_it.o
                0x08014568                NMI_Handler
 .text.HardFault_Handler
                0x08014576        0x8 ./Src/stm32h7xx_it.o
                0x08014576                HardFault_Handler
 .text.MemManage_Handler
                0x0801457e        0x8 ./Src/stm32h7xx_it.o
                0x0801457e                MemManage_Handler
 .text.BusFault_Handler
                0x08014586        0x8 ./Src/stm32h7xx_it.o
                0x08014586                BusFault_Handler
 .text.UsageFault_Handler
                0x0801458e        0x8 ./Src/stm32h7xx_it.o
                0x0801458e                UsageFault_Handler
 .text.SVC_Handler
                0x08014596        0xe ./Src/stm32h7xx_it.o
                0x08014596                SVC_Handler
 .text.DebugMon_Handler
                0x080145a4        0xe ./Src/stm32h7xx_it.o
                0x080145a4                DebugMon_Handler
 .text.PendSV_Handler
                0x080145b2        0xe ./Src/stm32h7xx_it.o
                0x080145b2                PendSV_Handler
 .text.SysTick_Handler
                0x080145c0        0xc ./Src/stm32h7xx_it.o
                0x080145c0                SysTick_Handler
 .text.DMA1_Stream0_IRQHandler
                0x080145cc       0x14 ./Src/stm32h7xx_it.o
                0x080145cc                DMA1_Stream0_IRQHandler
 .text.SDMMC1_IRQHandler
                0x080145e0       0x14 ./Src/stm32h7xx_it.o
                0x080145e0                SDMMC1_IRQHandler
 .text.DCMI_IRQHandler
                0x080145f4       0x14 ./Src/stm32h7xx_it.o
                0x080145f4                DCMI_IRQHandler
 .text.TIM16_IRQHandler
                0x08014608       0x14 ./Src/stm32h7xx_it.o
                0x08014608                TIM16_IRQHandler
 .text._read    0x0801461c       0x3a ./Src/syscalls.o
                0x0801461c                _read
 .text._write   0x08014656       0x38 ./Src/syscalls.o
                0x08014656                _write
 .text._close   0x0801468e       0x18 ./Src/syscalls.o
                0x0801468e                _close
 .text._fstat   0x080146a6       0x20 ./Src/syscalls.o
                0x080146a6                _fstat
 .text._isatty  0x080146c6       0x16 ./Src/syscalls.o
                0x080146c6                _isatty
 .text._lseek   0x080146dc       0x1a ./Src/syscalls.o
                0x080146dc                _lseek
 *fill*         0x080146f6        0x2 
 .text._sbrk    0x080146f8       0x6c ./Src/sysmem.o
                0x080146f8                _sbrk
 .text.SystemInit
                0x08014764       0xc4 ./Src/system_stm32h7xx.o
                0x08014764                SystemInit
 .text.MX_TIM1_Init
                0x08014828      0x120 ./Src/tim.o
                0x08014828                MX_TIM1_Init
 .text.HAL_TIM_PWM_MspInit
                0x08014948       0x44 ./Src/tim.o
                0x08014948                HAL_TIM_PWM_MspInit
 .text.HAL_TIM_MspPostInit
                0x0801498c       0x78 ./Src/tim.o
                0x0801498c                HAL_TIM_MspPostInit
 .text.Reset_Handler
                0x08014a04       0x54 ./Startup/startup_stm32h743vitx.o
                0x08014a04                Reset_Handler
 .text.Default_Handler
                0x08014a58        0x2 ./Startup/startup_stm32h743vitx.o
                0x08014a58                RTC_Alarm_IRQHandler
                0x08014a58                EXTI2_IRQHandler
                0x08014a58                TIM8_CC_IRQHandler
                0x08014a58                HRTIM1_Master_IRQHandler
                0x08014a58                UART8_IRQHandler
                0x08014a58                SPI4_IRQHandler
                0x08014a58                TIM1_CC_IRQHandler
                0x08014a58                BDMA_Channel6_IRQHandler
                0x08014a58                DMA2_Stream5_IRQHandler
                0x08014a58                HRTIM1_FLT_IRQHandler
                0x08014a58                JPEG_IRQHandler
                0x08014a58                DMA1_Stream5_IRQHandler
                0x08014a58                BDMA_Channel1_IRQHandler
                0x08014a58                HRTIM1_TIMD_IRQHandler
                0x08014a58                TAMP_STAMP_IRQHandler
                0x08014a58                EXTI3_IRQHandler
                0x08014a58                LPTIM4_IRQHandler
                0x08014a58                TIM8_TRG_COM_TIM14_IRQHandler
                0x08014a58                LPTIM2_IRQHandler
                0x08014a58                DFSDM1_FLT1_IRQHandler
                0x08014a58                DMAMUX2_OVR_IRQHandler
                0x08014a58                TIM8_UP_TIM13_IRQHandler
                0x08014a58                I2C3_ER_IRQHandler
                0x08014a58                DFSDM1_FLT2_IRQHandler
                0x08014a58                MDMA_IRQHandler
                0x08014a58                LPTIM3_IRQHandler
                0x08014a58                HSEM1_IRQHandler
                0x08014a58                EXTI0_IRQHandler
                0x08014a58                I2C2_EV_IRQHandler
                0x08014a58                DMA1_Stream2_IRQHandler
                0x08014a58                FPU_IRQHandler
                0x08014a58                OTG_HS_WKUP_IRQHandler
                0x08014a58                FDCAN1_IT1_IRQHandler
                0x08014a58                LTDC_ER_IRQHandler
                0x08014a58                DMA2_Stream2_IRQHandler
                0x08014a58                HRTIM1_TIME_IRQHandler
                0x08014a58                SPI1_IRQHandler
                0x08014a58                TIM6_DAC_IRQHandler
                0x08014a58                HRTIM1_TIMC_IRQHandler
                0x08014a58                DMA2_Stream3_IRQHandler
                0x08014a58                SAI2_IRQHandler
                0x08014a58                DFSDM1_FLT3_IRQHandler
                0x08014a58                USART6_IRQHandler
                0x08014a58                TIM17_IRQHandler
                0x08014a58                USART3_IRQHandler
                0x08014a58                BDMA_Channel7_IRQHandler
                0x08014a58                LPTIM5_IRQHandler
                0x08014a58                UART5_IRQHandler
                0x08014a58                ADC3_IRQHandler
                0x08014a58                DMA2_Stream0_IRQHandler
                0x08014a58                TIM4_IRQHandler
                0x08014a58                BDMA_Channel2_IRQHandler
                0x08014a58                QUADSPI_IRQHandler
                0x08014a58                I2C1_EV_IRQHandler
                0x08014a58                DMA1_Stream6_IRQHandler
                0x08014a58                DMAMUX1_OVR_IRQHandler
                0x08014a58                DMA1_Stream1_IRQHandler
                0x08014a58                UART4_IRQHandler
                0x08014a58                BDMA_Channel5_IRQHandler
                0x08014a58                TIM3_IRQHandler
                0x08014a58                RCC_IRQHandler
                0x08014a58                TIM8_BRK_TIM12_IRQHandler
                0x08014a58                TIM1_TRG_COM_IRQHandler
                0x08014a58                Default_Handler
                0x08014a58                ECC_IRQHandler
                0x08014a58                CEC_IRQHandler
                0x08014a58                EXTI15_10_IRQHandler
                0x08014a58                BDMA_Channel0_IRQHandler
                0x08014a58                ADC_IRQHandler
                0x08014a58                DMA1_Stream7_IRQHandler
                0x08014a58                HRTIM1_TIMA_IRQHandler
                0x08014a58                SPI5_IRQHandler
                0x08014a58                TIM7_IRQHandler
                0x08014a58                TIM5_IRQHandler
                0x08014a58                DMA2_Stream7_IRQHandler
                0x08014a58                TIM15_IRQHandler
                0x08014a58                PVD_AVD_IRQHandler
                0x08014a58                I2C3_EV_IRQHandler
                0x08014a58                EXTI9_5_IRQHandler
                0x08014a58                RTC_WKUP_IRQHandler
                0x08014a58                LTDC_IRQHandler
                0x08014a58                SAI3_IRQHandler
                0x08014a58                ETH_WKUP_IRQHandler
                0x08014a58                SPDIF_RX_IRQHandler
                0x08014a58                SPI2_IRQHandler
                0x08014a58                OTG_HS_EP1_IN_IRQHandler
                0x08014a58                CRS_IRQHandler
                0x08014a58                EXTI4_IRQHandler
                0x08014a58                RNG_IRQHandler
                0x08014a58                HRTIM1_TIMB_IRQHandler
                0x08014a58                FDCAN2_IT1_IRQHandler
                0x08014a58                ETH_IRQHandler
                0x08014a58                TIM1_UP_IRQHandler
                0x08014a58                BDMA_Channel4_IRQHandler
                0x08014a58                OTG_HS_EP1_OUT_IRQHandler
                0x08014a58                WWDG_IRQHandler
                0x08014a58                SPI6_IRQHandler
                0x08014a58                MDIOS_IRQHandler
                0x08014a58                I2C4_EV_IRQHandler
                0x08014a58                FDCAN2_IT0_IRQHandler
                0x08014a58                LPUART1_IRQHandler
                0x08014a58                FDCAN1_IT0_IRQHandler
                0x08014a58                TIM2_IRQHandler
                0x08014a58                OTG_FS_WKUP_IRQHandler
                0x08014a58                OTG_HS_IRQHandler
                0x08014a58                DMA2D_IRQHandler
                0x08014a58                TIM1_BRK_IRQHandler
                0x08014a58                EXTI1_IRQHandler
                0x08014a58                SDMMC2_IRQHandler
                0x08014a58                OTG_FS_EP1_OUT_IRQHandler
                0x08014a58                BDMA_Channel3_IRQHandler
                0x08014a58                UART7_IRQHandler
                0x08014a58                MDIOS_WKUP_IRQHandler
                0x08014a58                USART2_IRQHandler
                0x08014a58                DFSDM1_FLT0_IRQHandler
                0x08014a58                SAI4_IRQHandler
                0x08014a58                I2C2_ER_IRQHandler
                0x08014a58                DMA2_Stream1_IRQHandler
                0x08014a58                FLASH_IRQHandler
                0x08014a58                DMA2_Stream4_IRQHandler
                0x08014a58                USART1_IRQHandler
                0x08014a58                OTG_FS_IRQHandler
                0x08014a58                SPI3_IRQHandler
                0x08014a58                WAKEUP_PIN_IRQHandler
                0x08014a58                DMA1_Stream4_IRQHandler
                0x08014a58                OTG_FS_EP1_IN_IRQHandler
                0x08014a58                I2C1_ER_IRQHandler
                0x08014a58                FMC_IRQHandler
                0x08014a58                FDCAN_CAL_IRQHandler
                0x08014a58                SWPMI1_IRQHandler
                0x08014a58                COMP1_IRQHandler
                0x08014a58                LPTIM1_IRQHandler
                0x08014a58                I2C4_ER_IRQHandler
                0x08014a58                DMA2_Stream6_IRQHandler
                0x08014a58                SAI1_IRQHandler
                0x08014a58                DMA1_Stream3_IRQHandler
 *fill*         0x08014a5a        0x2 
 .text.std      0x08014a5c       0x6c D:/STM32CubeIDE_2.1.0/STM32CubeIDE/plugins/com.st.stm32cube.ide.mcu.externaltools.gnu-tools-for-stm32.14.3.rel1.win32_1.0.100.202602081740/tools/bin/../lib/gcc/arm-none-eabi/14.3.1/../../../../arm-none-eabi/lib/thumb/v7e-m+dp/hard\libc_nano.a(libc_a-findfp.o)
 .text.stdio_exit_handler
                0x08014ac8       0x18 D:/STM32CubeIDE_2.1.0/STM32CubeIDE/plugins/com.st.stm32cube.ide.mcu.externaltools.gnu-tools-for-stm32.14.3.rel1.win32_1.0.100.202602081740/tools/bin/../lib/gcc/arm-none-eabi/14.3.1/../../../../arm-none-eabi/lib/thumb/v7e-m+dp/hard\libc_nano.a(libc_a-findfp.o)
 .text.cleanup_stdio
                0x08014ae0       0x40 D:/STM32CubeIDE_2.1.0/STM32CubeIDE/plugins/com.st.stm32cube.ide.mcu.externaltools.gnu-tools-for-stm32.14.3.rel1.win32_1.0.100.202602081740/tools/bin/../lib/gcc/arm-none-eabi/14.3.1/../../../../arm-none-eabi/lib/thumb/v7e-m+dp/hard\libc_nano.a(libc_a-findfp.o)
 .text.global_stdio_init.part.0
                0x08014b20       0x40 D:/STM32CubeIDE_2.1.0/STM32CubeIDE/plugins/com.st.stm32cube.ide.mcu.externaltools.gnu-tools-for-stm32.14.3.rel1.win32_1.0.100.202602081740/tools/bin/../lib/gcc/arm-none-eabi/14.3.1/../../../../arm-none-eabi/lib/thumb/v7e-m+dp/hard\libc_nano.a(libc_a-findfp.o)
 .text.__sfp_lock_acquire
                0x08014b60        0xc D:/STM32CubeIDE_2.1.0/STM32CubeIDE/plugins/com.st.stm32cube.ide.mcu.externaltools.gnu-tools-for-stm32.14.3.rel1.win32_1.0.100.202602081740/tools/bin/../lib/gcc/arm-none-eabi/14.3.1/../../../../arm-none-eabi/lib/thumb/v7e-m+dp/hard\libc_nano.a(libc_a-findfp.o)
                0x08014b60                __sfp_lock_acquire
 .text.__sfp_lock_release
                0x08014b6c        0xc D:/STM32CubeIDE_2.1.0/STM32CubeIDE/plugins/com.st.stm32cube.ide.mcu.externaltools.gnu-tools-for-stm32.14.3.rel1.win32_1.0.100.202602081740/tools/bin/../lib/gcc/arm-none-eabi/14.3.1/../../../../arm-none-eabi/lib/thumb/v7e-m+dp/hard\libc_nano.a(libc_a-findfp.o)
                0x08014b6c                __sfp_lock_release
 .text.__sinit  0x08014b78       0x30 D:/STM32CubeIDE_2.1.0/STM32CubeIDE/plugins/com.st.stm32cube.ide.mcu.externaltools.gnu-tools-for-stm32.14.3.rel1.win32_1.0.100.202602081740/tools/bin/../lib/gcc/arm-none-eabi/14.3.1/../../../../arm-none-eabi/lib/thumb/v7e-m+dp/hard\libc_nano.a(libc_a-findfp.o)
                0x08014b78                __sinit
 .text._fwalk_sglue
                0x08014ba8       0x3c D:/STM32CubeIDE_2.1.0/STM32CubeIDE/plugins/com.st.stm32cube.ide.mcu.externaltools.gnu-tools-for-stm32.14.3.rel1.win32_1.0.100.202602081740/tools/bin/../lib/gcc/arm-none-eabi/14.3.1/../../../../arm-none-eabi/lib/thumb/v7e-m+dp/hard\libc_nano.a(libc_a-fwalk.o)
                0x08014ba8                _fwalk_sglue
 .text.printf   0x08014be4       0x24 D:/STM32CubeIDE_2.1.0/STM32CubeIDE/plugins/com.st.stm32cube.ide.mcu.externaltools.gnu-tools-for-stm32.14.3.rel1.win32_1.0.100.202602081740/tools/bin/../lib/gcc/arm-none-eabi/14.3.1/../../../../arm-none-eabi/lib/thumb/v7e-m+dp/hard\libc_nano.a(libc_a-printf.o)
                0x08014be4                iprintf
                0x08014be4                printf
 .text._puts_r  0x08014c08       0xaa D:/STM32CubeIDE_2.1.0/STM32CubeIDE/plugins/com.st.stm32cube.ide.mcu.externaltools.gnu-tools-for-stm32.14.3.rel1.win32_1.0.100.202602081740/tools/bin/../lib/gcc/arm-none-eabi/14.3.1/../../../../arm-none-eabi/lib/thumb/v7e-m+dp/hard\libc_nano.a(libc_a-puts.o)
                0x08014c08                _puts_r
 *fill*         0x08014cb2        0x2 
 .text.puts     0x08014cb4       0x10 D:/STM32CubeIDE_2.1.0/STM32CubeIDE/plugins/com.st.stm32cube.ide.mcu.externaltools.gnu-tools-for-stm32.14.3.rel1.win32_1.0.100.202602081740/tools/bin/../lib/gcc/arm-none-eabi/14.3.1/../../../../arm-none-eabi/lib/thumb/v7e-m+dp/hard\libc_nano.a(libc_a-puts.o)
                0x08014cb4                puts
 .text.sprintf  0x08014cc4       0x44 D:/STM32CubeIDE_2.1.0/STM32CubeIDE/plugins/com.st.stm32cube.ide.mcu.externaltools.gnu-tools-for-stm32.14.3.rel1.win32_1.0.100.202602081740/tools/bin/../lib/gcc/arm-none-eabi/14.3.1/../../../../arm-none-eabi/lib/thumb/v7e-m+dp/hard\libc_nano.a(libc_a-sprintf.o)
                0x08014cc4                siprintf
                0x08014cc4                sprintf
 .text.__sread  0x08014d08       0x22 D:/STM32CubeIDE_2.1.0/STM32CubeIDE/plugins/com.st.stm32cube.ide.mcu.externaltools.gnu-tools-for-stm32.14.3.rel1.win32_1.0.100.202602081740/tools/bin/../lib/gcc/arm-none-eabi/14.3.1/../../../../arm-none-eabi/lib/thumb/v7e-m+dp/hard\libc_nano.a(libc_a-stdio.o)
                0x08014d08                __sread
 .text.__swrite
                0x08014d2a       0x38 D:/STM32CubeIDE_2.1.0/STM32CubeIDE/plugins/com.st.stm32cube.ide.mcu.externaltools.gnu-tools-for-stm32.14.3.rel1.win32_1.0.100.202602081740/tools/bin/../lib/gcc/arm-none-eabi/14.3.1/../../../../arm-none-eabi/lib/thumb/v7e-m+dp/hard\libc_nano.a(libc_a-stdio.o)
                0x08014d2a                __swrite
 .text.__sseek  0x08014d62       0x26 D:/STM32CubeIDE_2.1.0/STM32CubeIDE/plugins/com.st.stm32cube.ide.mcu.externaltools.gnu-tools-for-stm32.14.3.rel1.win32_1.0.100.202602081740/tools/bin/../lib/gcc/arm-none-eabi/14.3.1/../../../../arm-none-eabi/lib/thumb/v7e-m+dp/hard\libc_nano.a(libc_a-stdio.o)
                0x08014d62                __sseek
 .text.__sclose
                0x08014d88        0x8 D:/STM32CubeIDE_2.1.0/STM32CubeIDE/plugins/com.st.stm32cube.ide.mcu.externaltools.gnu-tools-for-stm32.14.3.rel1.win32_1.0.100.202602081740/tools/bin/../lib/gcc/arm-none-eabi/14.3.1/../../../../arm-none-eabi/lib/thumb/v7e-m+dp/hard\libc_nano.a(libc_a-stdio.o)
                0x08014d88                __sclose
 .text.__swbuf_r
                0x08014d90       0x7c D:/STM32CubeIDE_2.1.0/STM32CubeIDE/plugins/com.st.stm32cube.ide.mcu.externaltools.gnu-tools-for-stm32.14.3.rel1.win32_1.0.100.202602081740/tools/bin/../lib/gcc/arm-none-eabi/14.3.1/../../../../arm-none-eabi/lib/thumb/v7e-m+dp/hard\libc_nano.a(libc_a-wbuf.o)
                0x08014d90                __swbuf_r
 .text.__swsetup_r
                0x08014e0c       0xa8 D:/STM32CubeIDE_2.1.0/STM32CubeIDE/plugins/com.st.stm32cube.ide.mcu.externaltools.gnu-tools-for-stm32.14.3.rel1.win32_1.0.100.202602081740/tools/bin/../lib/gcc/arm-none-eabi/14.3.1/../../../../arm-none-eabi/lib/thumb/v7e-m+dp/hard\libc_nano.a(libc_a-wsetup.o)
                0x08014e0c                __swsetup_r
 .text.memset   0x08014eb4       0x10 D:/STM32CubeIDE_2.1.0/STM32CubeIDE/plugins/com.st.stm32cube.ide.mcu.externaltools.gnu-tools-for-stm32.14.3.rel1.win32_1.0.100.202602081740/tools/bin/../lib/gcc/arm-none-eabi/14.3.1/../../../../arm-none-eabi/lib/thumb/v7e-m+dp/hard\libc_nano.a(libc_a-memset.o)
                0x08014eb4                memset
 .text._close_r
                0x08014ec4       0x20 D:/STM32CubeIDE_2.1.0/STM32CubeIDE/plugins/com.st.stm32cube.ide.mcu.externaltools.gnu-tools-for-stm32.14.3.rel1.win32_1.0.100.202602081740/tools/bin/../lib/gcc/arm-none-eabi/14.3.1/../../../../arm-none-eabi/lib/thumb/v7e-m+dp/hard\libc_nano.a(libc_a-closer.o)
                0x08014ec4                _close_r
 .text._lseek_r
                0x08014ee4       0x24 D:/STM32CubeIDE_2.1.0/STM32CubeIDE/plugins/com.st.stm32cube.ide.mcu.externaltools.gnu-tools-for-stm32.14.3.rel1.win32_1.0.100.202602081740/tools/bin/../lib/gcc/arm-none-eabi/14.3.1/../../../../arm-none-eabi/lib/thumb/v7e-m+dp/hard\libc_nano.a(libc_a-lseekr.o)
                0x08014ee4                _lseek_r
 .text._read_r  0x08014f08       0x24 D:/STM32CubeIDE_2.1.0/STM32CubeIDE/plugins/com.st.stm32cube.ide.mcu.externaltools.gnu-tools-for-stm32.14.3.rel1.win32_1.0.100.202602081740/tools/bin/../lib/gcc/arm-none-eabi/14.3.1/../../../../arm-none-eabi/lib/thumb/v7e-m+dp/hard\libc_nano.a(libc_a-readr.o)
                0x08014f08                _read_r
 .text._write_r
                0x08014f2c       0x24 D:/STM32CubeIDE_2.1.0/STM32CubeIDE/plugins/com.st.stm32cube.ide.mcu.externaltools.gnu-tools-for-stm32.14.3.rel1.win32_1.0.100.202602081740/tools/bin/../lib/gcc/arm-none-eabi/14.3.1/../../../../arm-none-eabi/lib/thumb/v7e-m+dp/hard\libc_nano.a(libc_a-writer.o)
                0x08014f2c                _write_r
 .text.__errno  0x08014f50        0xc D:/STM32CubeIDE_2.1.0/STM32CubeIDE/plugins/com.st.stm32cube.ide.mcu.externaltools.gnu-tools-for-stm32.14.3.rel1.win32_1.0.100.202602081740/tools/bin/../lib/gcc/arm-none-eabi/14.3.1/../../../../arm-none-eabi/lib/thumb/v7e-m+dp/hard\libc_nano.a(libc_a-errno.o)
                0x08014f50                __errno
 .text.__libc_init_array
                0x08014f5c       0x48 D:/STM32CubeIDE_2.1.0/STM32CubeIDE/plugins/com.st.stm32cube.ide.mcu.externaltools.gnu-tools-for-stm32.14.3.rel1.win32_1.0.100.202602081740/tools/bin/../lib/gcc/arm-none-eabi/14.3.1/../../../../arm-none-eabi/lib/thumb/v7e-m+dp/hard\libc_nano.a(libc_a-init.o)
                0x08014f5c                __libc_init_array
 .text.__retarget_lock_init_recursive
                0x08014fa4        0x2 D:/STM32CubeIDE_2.1.0/STM32CubeIDE/plugins/com.st.stm32cube.ide.mcu.externaltools.gnu-tools-for-stm32.14.3.rel1.win32_1.0.100.202602081740/tools/bin/../lib/gcc/arm-none-eabi/14.3.1/../../../../arm-none-eabi/lib/thumb/v7e-m+dp/hard\libc_nano.a(libc_a-lock.o)
                0x08014fa4                __retarget_lock_init_recursive
 .text.__retarget_lock_acquire_recursive
                0x08014fa6        0x2 D:/STM32CubeIDE_2.1.0/STM32CubeIDE/plugins/com.st.stm32cube.ide.mcu.externaltools.gnu-tools-for-stm32.14.3.rel1.win32_1.0.100.202602081740/tools/bin/../lib/gcc/arm-none-eabi/14.3.1/../../../../arm-none-eabi/lib/thumb/v7e-m+dp/hard\libc_nano.a(libc_a-lock.o)
                0x08014fa6                __retarget_lock_acquire_recursive
 .text.__retarget_lock_release_recursive
                0x08014fa8        0x2 D:/STM32CubeIDE_2.1.0/STM32CubeIDE/plugins/com.st.stm32cube.ide.mcu.externaltools.gnu-tools-for-stm32.14.3.rel1.win32_1.0.100.202602081740/tools/bin/../lib/gcc/arm-none-eabi/14.3.1/../../../../arm-none-eabi/lib/thumb/v7e-m+dp/hard\libc_nano.a(libc_a-lock.o)
                0x08014fa8                __retarget_lock_release_recursive
 .text.memcpy   0x08014faa       0x1c D:/STM32CubeIDE_2.1.0/STM32CubeIDE/plugins/com.st.stm32cube.ide.mcu.externaltools.gnu-tools-for-stm32.14.3.rel1.win32_1.0.100.202602081740/tools/bin/../lib/gcc/arm-none-eabi/14.3.1/../../../../arm-none-eabi/lib/thumb/v7e-m+dp/hard\libc_nano.a(libc_a-memcpy-stub.o)
                0x08014faa                memcpy
 *fill*         0x08014fc6        0x2 
 .text._free_r  0x08014fc8       0x94 D:/STM32CubeIDE_2.1.0/STM32CubeIDE/plugins/com.st.stm32cube.ide.mcu.externaltools.gnu-tools-for-stm32.14.3.rel1.win32_1.0.100.202602081740/tools/bin/../lib/gcc/arm-none-eabi/14.3.1/../../../../arm-none-eabi/lib/thumb/v7e-m+dp/hard\libc_nano.a(libc_a-freer.o)
                0x08014fc8                _free_r
 .text.sbrk_aligned
                0x0801505c       0x44 D:/STM32CubeIDE_2.1.0/STM32CubeIDE/plugins/com.st.stm32cube.ide.mcu.externaltools.gnu-tools-for-stm32.14.3.rel1.win32_1.0.100.202602081740/tools/bin/../lib/gcc/arm-none-eabi/14.3.1/../../../../arm-none-eabi/lib/thumb/v7e-m+dp/hard\libc_nano.a(libc_a-mallocr.o)
 .text._malloc_r
                0x080150a0      0x100 D:/STM32CubeIDE_2.1.0/STM32CubeIDE/plugins/com.st.stm32cube.ide.mcu.externaltools.gnu-tools-for-stm32.14.3.rel1.win32_1.0.100.202602081740/tools/bin/../lib/gcc/arm-none-eabi/14.3.1/../../../../arm-none-eabi/lib/thumb/v7e-m+dp/hard\libc_nano.a(libc_a-mallocr.o)
                0x080150a0                _malloc_r
 .text.__malloc_lock
                0x080151a0        0xc D:/STM32CubeIDE_2.1.0/STM32CubeIDE/plugins/com.st.stm32cube.ide.mcu.externaltools.gnu-tools-for-stm32.14.3.rel1.win32_1.0.100.202602081740/tools/bin/../lib/gcc/arm-none-eabi/14.3.1/../../../../arm-none-eabi/lib/thumb/v7e-m+dp/hard\libc_nano.a(libc_a-mlock.o)
                0x080151a0                __malloc_lock
 .text.__malloc_unlock
                0x080151ac        0xc D:/STM32CubeIDE_2.1.0/STM32CubeIDE/plugins/com.st.stm32cube.ide.mcu.externaltools.gnu-tools-for-stm32.14.3.rel1.win32_1.0.100.202602081740/tools/bin/../lib/gcc/arm-none-eabi/14.3.1/../../../../arm-none-eabi/lib/thumb/v7e-m+dp/hard\libc_nano.a(libc_a-mlock.o)
                0x080151ac                __malloc_unlock
 .text.__ssputs_r
                0x080151b8       0xc0 D:/STM32CubeIDE_2.1.0/STM32CubeIDE/plugins/com.st.stm32cube.ide.mcu.externaltools.gnu-tools-for-stm32.14.3.rel1.win32_1.0.100.202602081740/tools/bin/../lib/gcc/arm-none-eabi/14.3.1/../../../../arm-none-eabi/lib/thumb/v7e-m+dp/hard\libc_nano.a(libc_a-nano-svfprintf.o)
                0x080151b8                __ssputs_r
 .text._svfprintf_r
                0x08015278      0x1f0 D:/STM32CubeIDE_2.1.0/STM32CubeIDE/plugins/com.st.stm32cube.ide.mcu.externaltools.gnu-tools-for-stm32.14.3.rel1.win32_1.0.100.202602081740/tools/bin/../lib/gcc/arm-none-eabi/14.3.1/../../../../arm-none-eabi/lib/thumb/v7e-m+dp/hard\libc_nano.a(libc_a-nano-svfprintf.o)
                0x08015278                _svfiprintf_r
                0x08015278                _svfprintf_r
 .text.__sfputc_r
                0x08015468       0x2e D:/STM32CubeIDE_2.1.0/STM32CubeIDE/plugins/com.st.stm32cube.ide.mcu.externaltools.gnu-tools-for-stm32.14.3.rel1.win32_1.0.100.202602081740/tools/bin/../lib/gcc/arm-none-eabi/14.3.1/../../../../arm-none-eabi/lib/thumb/v7e-m+dp/hard\libc_nano.a(libc_a-nano-vfprintf.o)
 .text.__sfputs_r
                0x08015496       0x24 D:/STM32CubeIDE_2.1.0/STM32CubeIDE/plugins/com.st.stm32cube.ide.mcu.externaltools.gnu-tools-for-stm32.14.3.rel1.win32_1.0.100.202602081740/tools/bin/../lib/gcc/arm-none-eabi/14.3.1/../../../../arm-none-eabi/lib/thumb/v7e-m+dp/hard\libc_nano.a(libc_a-nano-vfprintf.o)
                0x08015496                __sfputs_r
 *fill*         0x080154ba        0x2 
 .text._vfprintf_r
                0x080154bc      0x228 D:/STM32CubeIDE_2.1.0/STM32CubeIDE/plugins/com.st.stm32cube.ide.mcu.externaltools.gnu-tools-for-stm32.14.3.rel1.win32_1.0.100.202602081740/tools/bin/../lib/gcc/arm-none-eabi/14.3.1/../../../../arm-none-eabi/lib/thumb/v7e-m+dp/hard\libc_nano.a(libc_a-nano-vfprintf.o)
                0x080154bc                _vfprintf_r
                0x080154bc                _vfiprintf_r
 .text._printf_common
                0x080156e4       0xda D:/STM32CubeIDE_2.1.0/STM32CubeIDE/plugins/com.st.stm32cube.ide.mcu.externaltools.gnu-tools-for-stm32.14.3.rel1.win32_1.0.100.202602081740/tools/bin/../lib/gcc/arm-none-eabi/14.3.1/../../../../arm-none-eabi/lib/thumb/v7e-m+dp/hard\libc_nano.a(libc_a-nano-vfprintf_i.o)
                0x080156e4                _printf_common
 *fill*         0x080157be        0x2 
 .text._printf_i
                0x080157c0      0x24c D:/STM32CubeIDE_2.1.0/STM32CubeIDE/plugins/com.st.stm32cube.ide.mcu.externaltools.gnu-tools-for-stm32.14.3.rel1.win32_1.0.100.202602081740/tools/bin/../lib/gcc/arm-none-eabi/14.3.1/../../../../arm-none-eabi/lib/thumb/v7e-m+dp/hard\libc_nano.a(libc_a-nano-vfprintf_i.o)
                0x080157c0                _printf_i
 .text.__sflush_r
                0x08015a0c      0x104 D:/STM32CubeIDE_2.1.0/STM32CubeIDE/plugins/com.st.stm32cube.ide.mcu.externaltools.gnu-tools-for-stm32.14.3.rel1.win32_1.0.100.202602081740/tools/bin/../lib/gcc/arm-none-eabi/14.3.1/../../../../arm-none-eabi/lib/thumb/v7e-m+dp/hard\libc_nano.a(libc_a-fflush.o)
                0x08015a0c                __sflush_r
 .text._fflush_r
                0x08015b10       0x50 D:/STM32CubeIDE_2.1.0/STM32CubeIDE/plugins/com.st.stm32cube.ide.mcu.externaltools.gnu-tools-for-stm32.14.3.rel1.win32_1.0.100.202602081740/tools/bin/../lib/gcc/arm-none-eabi/14.3.1/../../../../arm-none-eabi/lib/thumb/v7e-m+dp/hard\libc_nano.a(libc_a-fflush.o)
                0x08015b10                _fflush_r
 .text.__swhatbuf_r
                0x08015b60       0x48 D:/STM32CubeIDE_2.1.0/STM32CubeIDE/plugins/com.st.stm32cube.ide.mcu.externaltools.gnu-tools-for-stm32.14.3.rel1.win32_1.0.100.202602081740/tools/bin/../lib/gcc/arm-none-eabi/14.3.1/../../../../arm-none-eabi/lib/thumb/v7e-m+dp/hard\libc_nano.a(libc_a-makebuf.o)
                0x08015b60                __swhatbuf_r
 .text.__smakebuf_r
                0x08015ba8       0x72 D:/STM32CubeIDE_2.1.0/STM32CubeIDE/plugins/com.st.stm32cube.ide.mcu.externaltools.gnu-tools-for-stm32.14.3.rel1.win32_1.0.100.202602081740/tools/bin/../lib/gcc/arm-none-eabi/14.3.1/../../../../arm-none-eabi/lib/thumb/v7e-m+dp/hard\libc_nano.a(libc_a-makebuf.o)
                0x08015ba8                __smakebuf_r
 .text.memmove  0x08015c1a       0x32 D:/STM32CubeIDE_2.1.0/STM32CubeIDE/plugins/com.st.stm32cube.ide.mcu.externaltools.gnu-tools-for-stm32.14.3.rel1.win32_1.0.100.202602081740/tools/bin/../lib/gcc/arm-none-eabi/14.3.1/../../../../arm-none-eabi/lib/thumb/v7e-m+dp/hard\libc_nano.a(libc_a-memmove.o)
                0x08015c1a                memmove
 .text._fstat_r
                0x08015c4c       0x24 D:/STM32CubeIDE_2.1.0/STM32CubeIDE/plugins/com.st.stm32cube.ide.mcu.externaltools.gnu-tools-for-stm32.14.3.rel1.win32_1.0.100.202602081740/tools/bin/../lib/gcc/arm-none-eabi/14.3.1/../../../../arm-none-eabi/lib/thumb/v7e-m+dp/hard\libc_nano.a(libc_a-fstatr.o)
                0x08015c4c                _fstat_r
 .text._isatty_r
                0x08015c70       0x20 D:/STM32CubeIDE_2.1.0/STM32CubeIDE/plugins/com.st.stm32cube.ide.mcu.externaltools.gnu-tools-for-stm32.14.3.rel1.win32_1.0.100.202602081740/tools/bin/../lib/gcc/arm-none-eabi/14.3.1/../../../../arm-none-eabi/lib/thumb/v7e-m+dp/hard\libc_nano.a(libc_a-isattyr.o)
                0x08015c70                _isatty_r
 .text._sbrk_r  0x08015c90       0x20 D:/STM32CubeIDE_2.1.0/STM32CubeIDE/plugins/com.st.stm32cube.ide.mcu.externaltools.gnu-tools-for-stm32.14.3.rel1.win32_1.0.100.202602081740/tools/bin/../lib/gcc/arm-none-eabi/14.3.1/../../../../arm-none-eabi/lib/thumb/v7e-m+dp/hard\libc_nano.a(libc_a-sbrkr.o)
                0x08015c90                _sbrk_r
 .text._realloc_r
                0x08015cb0       0x5c D:/STM32CubeIDE_2.1.0/STM32CubeIDE/plugins/com.st.stm32cube.ide.mcu.externaltools.gnu-tools-for-stm32.14.3.rel1.win32_1.0.100.202602081740/tools/bin/../lib/gcc/arm-none-eabi/14.3.1/../../../../arm-none-eabi/lib/thumb/v7e-m+dp/hard\libc_nano.a(libc_a-reallocr.o)
                0x08015cb0                _realloc_r
 .text._malloc_usable_size_r
                0x08015d0c       0x10 D:/STM32CubeIDE_2.1.0/STM32CubeIDE/plugins/com.st.stm32cube.ide.mcu.externaltools.gnu-tools-for-stm32.14.3.rel1.win32_1.0.100.202602081740/tools/bin/../lib/gcc/arm-none-eabi/14.3.1/../../../../arm-none-eabi/lib/thumb/v7e-m+dp/hard\libc_nano.a(libc_a-msizer.o)
                0x08015d0c                _malloc_usable_size_r
 *(.glue_7)
 .glue_7        0x08015d1c        0x0 linker stubs
 *(.glue_7t)
 .glue_7t       0x08015d1c        0x0 linker stubs
 *(.eh_frame)
 .eh_frame      0x08015d1c        0x0 D:/STM32CubeIDE_2.1.0/STM32CubeIDE/plugins/com.st.stm32cube.ide.mcu.externaltools.gnu-tools-for-stm32.14.3.rel1.win32_1.0.100.202602081740/tools/bin/../lib/gcc/arm-none-eabi/14.3.1/thumb/v7e-m+dp/hard/crtbegin.o
 *(.init)
 .init          0x08015d1c        0x4 D:/STM32CubeIDE_2.1.0/STM32CubeIDE/plugins/com.st.stm32cube.ide.mcu.externaltools.gnu-tools-for-stm32.14.3.rel1.win32_1.0.100.202602081740/tools/bin/../lib/gcc/arm-none-eabi/14.3.1/thumb/v7e-m+dp/hard/crti.o
                0x08015d1c                _init
 .init          0x08015d20        0x8 D:/STM32CubeIDE_2.1.0/STM32CubeIDE/plugins/com.st.stm32cube.ide.mcu.externaltools.gnu-tools-for-stm32.14.3.rel1.win32_1.0.100.202602081740/tools/bin/../lib/gcc/arm-none-eabi/14.3.1/thumb/v7e-m+dp/hard/crtn.o
 *(.fini)
 .fini          0x08015d28        0x4 D:/STM32CubeIDE_2.1.0/STM32CubeIDE/plugins/com.st.stm32cube.ide.mcu.externaltools.gnu-tools-for-stm32.14.3.rel1.win32_1.0.100.202602081740/tools/bin/../lib/gcc/arm-none-eabi/14.3.1/thumb/v7e-m+dp/hard/crti.o
                0x08015d28                _fini
 .fini          0x08015d2c        0x8 D:/STM32CubeIDE_2.1.0/STM32CubeIDE/plugins/com.st.stm32cube.ide.mcu.externaltools.gnu-tools-for-stm32.14.3.rel1.win32_1.0.100.202602081740/tools/bin/../lib/gcc/arm-none-eabi/14.3.1/thumb/v7e-m+dp/hard/crtn.o
                0x08015d34                        . = ALIGN (0x4)
                0x08015d34                        _etext = .

.vfp11_veneer   0x08015d34        0x0
 .vfp11_veneer  0x08015d34        0x0 linker stubs

.v4_bx          0x08015d34        0x0
 .v4_bx         0x08015d34        0x0 linker stubs

.iplt           0x08015d34        0x0
 .iplt          0x08015d34        0x0 D:/STM32CubeIDE_2.1.0/STM32CubeIDE/plugins/com.st.stm32cube.ide.mcu.externaltools.gnu-tools-for-stm32.14.3.rel1.win32_1.0.100.202602081740/tools/bin/../lib/gcc/arm-none-eabi/14.3.1/thumb/v7e-m+dp/hard/crtbegin.o

.rodata         0x08015d34     0x7980
                0x08015d34                        . = ALIGN (0x4)
 *(.rodata)
 .rodata        0x08015d34       0x35 ./Drivers/BSP/ST7735/lcd.o
 *fill*         0x08015d69        0x3 
 .rodata        0x08015d6c       0x44 ./Middlewares/Third_Party/FatFs/src/ff.o
 .rodata        0x08015db0      0x187 ./Src/main.o
 *(.rodata*)
 *fill*         0x08015f37        0x1 
 .rodata.dvp_cam_resolution
                0x08015f38       0x80 ./Drivers/BSP/Camera/camera.o
                0x08015f38                dvp_cam_resolution
 .rodata.rgb565_regs
                0x08015fb8        0xe ./Drivers/BSP/Camera/ov2640.o
 *fill*         0x08015fc6        0x2 
 .rodata.jpeg_regs
                0x08015fc8        0xe ./Drivers/BSP/Camera/ov2640.o
 *fill*         0x08015fd6        0x2 
 .rodata.yuyv_regs
                0x08015fd8       0x12 ./Drivers/BSP/Camera/ov2640.o
 *fill*         0x08015fea        0x2 
 .rodata.ov2640_Slow_regs
                0x08015fec      0x174 ./Drivers/BSP/Camera/ov2640_regs.o
                0x08015fec                ov2640_Slow_regs
 .rodata.OV2640_svga_regs
                0x08016160       0x46 ./Drivers/BSP/Camera/ov2640_regs.o
                0x08016160                OV2640_svga_regs
 *fill*         0x080161a6        0x2 
 .rodata.OV2640_uxga_regs
                0x080161a8       0x46 ./Drivers/BSP/Camera/ov2640_regs.o
                0x080161a8                OV2640_uxga_regs
 *fill*         0x080161ee        0x2 
 .rodata.ov5640_default_regs
                0x080161f0      0x357 ./Drivers/BSP/Camera/ov5640_regs.o
                0x080161f0                ov5640_default_regs
 *fill*         0x08016547        0x1 
 .rodata.qqvga_ov7670
                0x08016548       0x14 ./Drivers/BSP/Camera/ov7670_regs.o
                0x08016548                qqvga_ov7670
 .rodata.rgb565_ov7670
                0x0801655c       0x1a ./Drivers/BSP/Camera/ov7670_regs.o
                0x0801655c                rgb565_ov7670
 *fill*         0x08016576        0x2 
 .rodata.ov7670_default_regs
                0x08016578      0x11a ./Drivers/BSP/Camera/ov7670_regs.o
                0x08016578                ov7670_default_regs
 *fill*         0x08016692        0x2 
 .rodata.ov7725_default_regs
                0x08016694       0x90 ./Drivers/BSP/Camera/ov7725_regs.o
                0x08016694                ov7725_default_regs
 .rodata.asc2_1206
                0x08016724      0x474 ./Drivers/BSP/ST7735/lcd.o
                0x08016724                asc2_1206
 .rodata.asc2_1608
                0x08016b98      0x5f0 ./Drivers/BSP/ST7735/lcd.o
                0x08016b98                asc2_1608
 .rodata.WeActStudiologo_160_80
                0x08017188     0x6449 ./Drivers/BSP/ST7735/logo_160_80.o
                0x08017188                WeActStudiologo_160_80
 *fill*         0x0801d5d1        0x3 
 .rodata.flagBitshiftOffset.0
                0x0801d5d4        0x8 ./Drivers/STM32H7xx_HAL_Driver/Src/stm32h7xx_hal_dma.o
 .rodata.ExCvt  0x0801d5dc       0x80 ./Middlewares/Third_Party/FatFs/src/ff.o
 .rodata.SD_Driver
                0x0801d65c       0x14 ./Src/sd_diskio.o
                0x0801d65c                SD_Driver
 .rodata.D1CorePrescTable
                0x0801d670       0x10 ./Src/system_stm32h7xx.o
                0x0801d670                D1CorePrescTable
 .rodata._svfprintf_r.str1.1
                0x0801d680       0x33 D:/STM32CubeIDE_2.1.0/STM32CubeIDE/plugins/com.st.stm32cube.ide.mcu.externaltools.gnu-tools-for-stm32.14.3.rel1.win32_1.0.100.202602081740/tools/bin/../lib/gcc/arm-none-eabi/14.3.1/../../../../arm-none-eabi/lib/thumb/v7e-m+dp/hard\libc_nano.a(libc_a-nano-svfprintf.o)
                                 0x11 (size before relaxing)
 .rodata._vfprintf_r.str1.1
                0x0801d6b3       0x11 D:/STM32CubeIDE_2.1.0/STM32CubeIDE/plugins/com.st.stm32cube.ide.mcu.externaltools.gnu-tools-for-stm32.14.3.rel1.win32_1.0.100.202602081740/tools/bin/../lib/gcc/arm-none-eabi/14.3.1/../../../../arm-none-eabi/lib/thumb/v7e-m+dp/hard\libc_nano.a(libc_a-nano-vfprintf.o)
 .rodata._printf_i.str1.1