../Drivers/BSP/ST7735/st7735_lcd.c:49:6:LCD7735_Test	48	static
../Drivers/BSP/ST7735/st7735_lcd.c:106:6:LCD7735_SetBrightness	16	static
../Drivers/BSP/ST7735/st7735_lcd.c:112:10:LCD7735_GetBrightness	4	static
../Drivers/BSP/ST7735/st7735_lcd.c:119:6:LCD7735_SoftPWMEnable	16	static
../Drivers/BSP/ST7735/st7735_lcd.c:125:9:LCD7735_SoftPWMIsEnable	4	static
../Drivers/BSP/ST7735/st7735_lcd.c:129:6:LCD7735_SoftPWMCtrlInit	32	static
../Drivers/BSP/ST7735/st7735_lcd.c:145:6:LCD7735_SoftPWMCtrlDeInit	8	static
../Drivers/BSP/ST7735/st7735_lcd.c:150:6:LCD7735_SoftPWMCtrlRun	8	static
../Drivers/BSP/ST7735/st7735_lcd.c:173:6:LCD7735_Light	48	static
../Drivers/BSP/ST7735/st7735_lcd.c:209:6:LCD7735_ShowChar	128	dynamic
../Drivers/BSP/ST7735/st7735_lcd.c:296:6:LCD7735_ShowString	40	static
../Drivers/BSP/ST7735/st7735_lcd.c:313:16:lcd7735_init	16	static
../Drivers/BSP/ST7735/st7735_lcd.c:319:16:lcd7735_gettick	8	static
../Drivers/BSP/ST7735/st7735_lcd.c:323:16:lcd7735_writereg	32	static
../Drivers/BSP/ST7735/st7735_lcd.c:336:16:lcd7735_readreg	24	static
../Drivers/BSP/ST7735/st7735_lcd.c:349:16:lcd7735_senddata	24	static
../Drivers/BSP/ST7735/st7735_lcd.c:358:16:lcd7735_recvdata	24	static
../Drivers/BSP/ST7735/st7735_lcd.c:367:6:LCD7735_Printf	552	static
../Drivers/BSP/ST7735/st7735_lcd.c:381:6:LCD7735_Clear	24	static
../Drivers/BSP/ST7735/st7735_lcd.c:390:6:LCD7735_Display_Random_BMP_From_SD	1680	static
