../Src/main.c:90:13:MPU_Config	24	static
../Src/main.c:142:13:CPU_CACHE_Enable	4	static,ignoring_inline_asm
../Src/main.c:150:6:LED_Blink	16	static
../Src/main.c:157:9:SD_Mount	16	static
../Src/main.c:167:9:Camera_Capture	8	static
../Src/main.c:181:9:Save_BMP	120	static
../Src/main.c:251:6:SD_WriteTest	656	static
../Src/main.c:312:5:main	160	static
../Src/main.c:457:6:SystemClock_Config	120	static
../Src/main.c:514:6:HAL_DCMI_FrameEventCallback	16	static
../Src/main.c:533:6:Error_Handler	8	static
