../Src/main.c:95:13:MPU_Config	24	static
../Src/main.c:147:13:CPU_CACHE_Enable	4	static,ignoring_inline_asm
../Src/main.c:155:6:LED_Blink	16	static
../Src/main.c:162:9:SD_Mount	16	static
../Src/main.c:172:9:Camera_Capture	8	static
../Src/main.c:186:9:Save_BMP	120	static
../Src/main.c:256:6:SD_WriteTest	656	static
../Src/main.c:317:5:main	176	static
../Src/main.c:463:6:SystemClock_Config	120	static
../Src/main.c:520:6:HAL_DCMI_FrameEventCallback	16	static
../Src/main.c:539:6:Error_Handler	8	static
